Mar  5 00:16:26 team5revision kernel: [   19.897758] loop8: detected capacity change from 0 to 8
Mar  6 03:13:37 team5revision kernel: [    0.000000] Linux version 5.15.0-1031-aws (buildd@lcy02-amd64-045) (gcc (Ubuntu 9.4.0-1ubuntu1~20.04.1) 9.4.0, GNU ld (GNU Binutils for Ubuntu) 2.34) #35~20.04.1-Ubuntu SMP Sat Feb 11 16:19:06 UTC 2023 (Ubuntu 5.15.0-1031.35~20.04.1-aws 5.15.85)
Mar  6 03:13:37 team5revision kernel: [    0.000000] Command line: BOOT_IMAGE=/boot/vmlinuz-5.15.0-1031-aws root=PARTUUID=b6f09fc9-a0ef-4282-a149-e9c131355c9f ro console=tty1 console=ttyS0 nvme_core.io_timeout=4294967295 panic=-1
Mar  6 03:13:37 team5revision kernel: [    0.000000] KERNEL supported cpus:
Mar  6 03:13:37 team5revision kernel: [    0.000000]   Intel GenuineIntel
Mar  6 03:13:37 team5revision kernel: [    0.000000]   AMD AuthenticAMD
Mar  6 03:13:37 team5revision kernel: [    0.000000]   Hygon HygonGenuine
Mar  6 03:13:37 team5revision kernel: [    0.000000]   Centaur CentaurHauls
Mar  6 03:13:37 team5revision kernel: [    0.000000]   zhaoxin   Shanghai  
Mar  6 03:13:37 team5revision kernel: [    0.000000] x86/fpu: Supporting XSAVE feature 0x001: 'x87 floating point registers'
Mar  6 03:13:37 team5revision kernel: [    0.000000] x86/fpu: Supporting XSAVE feature 0x002: 'SSE registers'
Mar  6 03:13:37 team5revision kernel: [    0.000000] x86/fpu: Supporting XSAVE feature 0x004: 'AVX registers'
Mar  6 03:13:37 team5revision kernel: [    0.000000] x86/fpu: xstate_offset[2]:  576, xstate_sizes[2]:  256
Mar  6 03:13:37 team5revision kernel: [    0.000000] x86/fpu: Enabled xstate features 0x7, context size is 832 bytes, using 'standard' format.
Mar  6 03:13:37 team5revision kernel: [    0.000000] signal: max sigframe size: 1776
Mar  6 03:13:37 team5revision kernel: [    0.000000] BIOS-provided physical RAM map:
Mar  6 03:13:37 team5revision kernel: [    0.000000] BIOS-e820: [mem 0x0000000000000000-0x000000000009dfff] usable
Mar  6 03:13:37 team5revision kernel: [    0.000000] BIOS-e820: [mem 0x000000000009e000-0x000000000009ffff] reserved
Mar  6 03:13:37 team5revision kernel: [    0.000000] BIOS-e820: [mem 0x00000000000e0000-0x00000000000fffff] reserved
Mar  6 03:13:37 team5revision kernel: [    0.000000] BIOS-e820: [mem 0x0000000000100000-0x00000000efffffff] usable
Mar  6 03:13:37 team5revision kernel: [    0.000000] BIOS-e820: [mem 0x00000000fc000000-0x00000000ffffffff] reserved
Mar  6 03:13:37 team5revision kernel: [    0.000000] BIOS-e820: [mem 0x0000000100000000-0x000000010fffffff] usable
Mar  6 03:13:37 team5revision kernel: [    0.000000] NX (Execute Disable) protection: active
Mar  6 03:13:37 team5revision kernel: [    0.000000] SMBIOS 2.7 present.
Mar  6 03:13:37 team5revision kernel: [    0.000000] DMI: Xen HVM domU, BIOS 4.2.amazon 08/24/2006
Mar  6 03:13:37 team5revision kernel: [    0.000000] Hypervisor detected: Xen HVM
Mar  6 03:13:37 team5revision kernel: [    0.000000] Xen version 4.2.
Mar  6 03:13:37 team5revision kernel: [    0.000000] platform_pci_unplug: Netfront and the Xen platform PCI driver have been compiled for this kernel: unplug emulated NICs.
Mar  6 03:13:37 team5revision kernel: [    0.000000] platform_pci_unplug: Blkfront and the Xen platform PCI driver have been compiled for this kernel: unplug emulated disks.
Mar  6 03:13:37 team5revision kernel: [    0.000000] You might have to change the root device
Mar  6 03:13:37 team5revision kernel: [    0.000000] from /dev/hd[a-d] to /dev/xvd[a-d]
Mar  6 03:13:37 team5revision kernel: [    0.000000] in your root= kernel command line option
Mar  6 03:13:37 team5revision kernel: [    0.000006] HVMOP_pagetable_dying not supported
Mar  6 03:13:37 team5revision kernel: [    0.015901] tsc: Fast TSC calibration using PIT
Mar  6 03:13:37 team5revision kernel: [    0.015914] tsc: Detected 2300.142 MHz processor
Mar  6 03:13:37 team5revision kernel: [    0.015916] tsc: Detected 2300.080 MHz TSC
Mar  6 03:13:37 team5revision kernel: [    0.016401] e820: update [mem 0x00000000-0x00000fff] usable ==> reserved
Mar  6 03:13:37 team5revision kernel: [    0.016407] e820: remove [mem 0x000a0000-0x000fffff] usable
Mar  6 03:13:37 team5revision kernel: [    0.016415] last_pfn = 0x110000 max_arch_pfn = 0x400000000
Mar  6 03:13:37 team5revision kernel: [    0.016453] x86/PAT: Configuration [0-7]: WB  WC  UC- UC  WB  WP  UC- WT  
Mar  6 03:13:37 team5revision kernel: [    0.016463] last_pfn = 0xf0000 max_arch_pfn = 0x400000000
Mar  6 03:13:37 team5revision kernel: [    0.024022] found SMP MP-table at [mem 0x000fbc50-0x000fbc5f]
Mar  6 03:13:37 team5revision kernel: [    0.024341] RAMDISK: [mem 0x372b3000-0x37950fff]
Mar  6 03:13:37 team5revision kernel: [    0.024348] ACPI: Early table checksum verification disabled
Mar  6 03:13:37 team5revision kernel: [    0.024355] ACPI: RSDP 0x00000000000EA020 000024 (v02 Xen   )
Mar  6 03:13:37 team5revision kernel: [    0.024362] ACPI: XSDT 0x00000000FC00E2A0 000054 (v01 Xen    HVM      00000000 HVML 00000000)
Mar  6 03:13:37 team5revision kernel: [    0.024370] ACPI: FACP 0x00000000FC00DF60 0000F4 (v04 Xen    HVM      00000000 HVML 00000000)
Mar  6 03:13:37 team5revision kernel: [    0.024380] ACPI: DSDT 0x00000000FC0021C0 00BD19 (v02 Xen    HVM      00000000 INTL 20090123)
Mar  6 03:13:37 team5revision kernel: [    0.024385] ACPI: FACS 0x00000000FC002180 000040
Mar  6 03:13:37 team5revision kernel: [    0.024389] ACPI: FACS 0x00000000FC002180 000040
Mar  6 03:13:37 team5revision kernel: [    0.024393] ACPI: APIC 0x00000000FC00E060 0000D8 (v02 Xen    HVM      00000000 HVML 00000000)
Mar  6 03:13:37 team5revision kernel: [    0.024397] ACPI: HPET 0x00000000FC00E1B0 000038 (v01 Xen    HVM      00000000 HVML 00000000)
Mar  6 03:13:37 team5revision kernel: [    0.024401] ACPI: WAET 0x00000000FC00E1F0 000028 (v01 Xen    HVM      00000000 HVML 00000000)
Mar  6 03:13:37 team5revision kernel: [    0.024405] ACPI: SSDT 0x00000000FC00E220 000031 (v02 Xen    HVM      00000000 INTL 20090123)
Mar  6 03:13:37 team5revision kernel: [    0.024410] ACPI: SSDT 0x00000000FC00E260 000033 (v02 Xen    HVM      00000000 INTL 20090123)
Mar  6 03:13:37 team5revision kernel: [    0.024413] ACPI: Reserving FACP table memory at [mem 0xfc00df60-0xfc00e053]
Mar  6 03:13:37 team5revision kernel: [    0.024415] ACPI: Reserving DSDT table memory at [mem 0xfc0021c0-0xfc00ded8]
Mar  6 03:13:37 team5revision kernel: [    0.024417] ACPI: Reserving FACS table memory at [mem 0xfc002180-0xfc0021bf]
Mar  6 03:13:37 team5revision kernel: [    0.024418] ACPI: Reserving FACS table memory at [mem 0xfc002180-0xfc0021bf]
Mar  6 03:13:37 team5revision kernel: [    0.024419] ACPI: Reserving APIC table memory at [mem 0xfc00e060-0xfc00e137]
Mar  6 03:13:37 team5revision kernel: [    0.024421] ACPI: Reserving HPET table memory at [mem 0xfc00e1b0-0xfc00e1e7]
Mar  6 03:13:37 team5revision kernel: [    0.024422] ACPI: Reserving WAET table memory at [mem 0xfc00e1f0-0xfc00e217]
Mar  6 03:13:37 team5revision kernel: [    0.024423] ACPI: Reserving SSDT table memory at [mem 0xfc00e220-0xfc00e250]
Mar  6 03:13:37 team5revision kernel: [    0.024425] ACPI: Reserving SSDT table memory at [mem 0xfc00e260-0xfc00e292]
Mar  6 03:13:37 team5revision kernel: [    0.027821] No NUMA configuration found
Mar  6 03:13:37 team5revision kernel: [    0.027829] Faking a node at [mem 0x0000000000000000-0x000000010fffffff]
Mar  6 03:13:37 team5revision kernel: [    0.027846] NODE_DATA(0) allocated [mem 0x10ffd4000-0x10fffdfff]
Mar  6 03:13:37 team5revision kernel: [    0.028138] Zone ranges:
Mar  6 03:13:37 team5revision kernel: [    0.028139]   DMA      [mem 0x0000000000001000-0x0000000000ffffff]
Mar  6 03:13:37 team5revision kernel: [    0.028142]   DMA32    [mem 0x0000000001000000-0x00000000ffffffff]
Mar  6 03:13:37 team5revision kernel: [    0.028145]   Normal   [mem 0x0000000100000000-0x000000010fffffff]
Mar  6 03:13:37 team5revision kernel: [    0.028148]   Device   empty
Mar  6 03:13:37 team5revision kernel: [    0.028149] Movable zone start for each node
Mar  6 03:13:37 team5revision kernel: [    0.028154] Early memory node ranges
Mar  6 03:13:37 team5revision kernel: [    0.028154]   node   0: [mem 0x0000000000001000-0x000000000009dfff]
Mar  6 03:13:37 team5revision kernel: [    0.028157]   node   0: [mem 0x0000000000100000-0x00000000efffffff]
Mar  6 03:13:37 team5revision kernel: [    0.028159]   node   0: [mem 0x0000000100000000-0x000000010fffffff]
Mar  6 03:13:37 team5revision kernel: [    0.028160] Initmem setup node 0 [mem 0x0000000000001000-0x000000010fffffff]
Mar  6 03:13:37 team5revision kernel: [    0.028167] On node 0, zone DMA: 1 pages in unavailable ranges
Mar  6 03:13:37 team5revision kernel: [    0.028209] On node 0, zone DMA: 98 pages in unavailable ranges
Mar  6 03:13:37 team5revision kernel: [    0.042748] ACPI: PM-Timer IO Port: 0xb008
Mar  6 03:13:37 team5revision kernel: [    0.042826] IOAPIC[0]: apic_id 1, version 17, address 0xfec00000, GSI 0-47
Mar  6 03:13:37 team5revision kernel: [    0.042831] ACPI: INT_SRC_OVR (bus 0 bus_irq 0 global_irq 2 dfl dfl)
Mar  6 03:13:37 team5revision kernel: [    0.042836] ACPI: INT_SRC_OVR (bus 0 bus_irq 5 global_irq 5 low level)
Mar  6 03:13:37 team5revision kernel: [    0.042838] ACPI: INT_SRC_OVR (bus 0 bus_irq 10 global_irq 10 low level)
Mar  6 03:13:37 team5revision kernel: [    0.042840] ACPI: INT_SRC_OVR (bus 0 bus_irq 11 global_irq 11 low level)
Mar  6 03:13:37 team5revision kernel: [    0.042845] ACPI: Using ACPI (MADT) for SMP configuration information
Mar  6 03:13:37 team5revision kernel: [    0.042848] ACPI: HPET id: 0x8086a201 base: 0xfed00000
Mar  6 03:13:37 team5revision kernel: [    0.042855] TSC deadline timer available
Mar  6 03:13:37 team5revision kernel: [    0.042862] smpboot: Allowing 15 CPUs, 13 hotplug CPUs
Mar  6 03:13:37 team5revision kernel: [    0.042876] PM: hibernation: Registered nosave memory: [mem 0x00000000-0x00000fff]
Mar  6 03:13:37 team5revision kernel: [    0.042880] PM: hibernation: Registered nosave memory: [mem 0x0009e000-0x0009ffff]
Mar  6 03:13:37 team5revision kernel: [    0.042882] PM: hibernation: Registered nosave memory: [mem 0x000a0000-0x000dffff]
Mar  6 03:13:37 team5revision kernel: [    0.042883] PM: hibernation: Registered nosave memory: [mem 0x000e0000-0x000fffff]
Mar  6 03:13:37 team5revision kernel: [    0.042886] PM: hibernation: Registered nosave memory: [mem 0xf0000000-0xfbffffff]
Mar  6 03:13:37 team5revision kernel: [    0.042888] PM: hibernation: Registered nosave memory: [mem 0xfc000000-0xffffffff]
Mar  6 03:13:37 team5revision kernel: [    0.042892] [mem 0xf0000000-0xfbffffff] available for PCI devices
Mar  6 03:13:37 team5revision kernel: [    0.042894] Booting paravirtualized kernel on Xen HVM
Mar  6 03:13:37 team5revision kernel: [    0.042899] clocksource: refined-jiffies: mask: 0xffffffff max_cycles: 0xffffffff, max_idle_ns: 7645519600211568 ns
Mar  6 03:13:37 team5revision kernel: [    0.042909] setup_percpu: NR_CPUS:8192 nr_cpumask_bits:15 nr_cpu_ids:15 nr_node_ids:1
Mar  6 03:13:37 team5revision kernel: [    0.043941] percpu: Embedded 60 pages/cpu s208896 r8192 d28672 u262144
Mar  6 03:13:37 team5revision kernel: [    0.043950] pcpu-alloc: s208896 r8192 d28672 u262144 alloc=1*2097152
Mar  6 03:13:37 team5revision kernel: [    0.043954] pcpu-alloc: [0] 00 01 02 03 04 05 06 07 [0] 08 09 10 11 12 13 14 -- 
Mar  6 03:13:37 team5revision kernel: [    0.043995] xen: PV spinlocks enabled
Mar  6 03:13:37 team5revision kernel: [    0.043998] PV qspinlock hash table entries: 256 (order: 0, 4096 bytes, linear)
Mar  6 03:13:37 team5revision kernel: [    0.044007] Built 1 zonelists, mobility grouping on.  Total pages: 1031936
Mar  6 03:13:37 team5revision kernel: [    0.044009] Policy zone: Normal
Mar  6 03:13:37 team5revision kernel: [    0.044012] Kernel command line: BOOT_IMAGE=/boot/vmlinuz-5.15.0-1031-aws root=PARTUUID=b6f09fc9-a0ef-4282-a149-e9c131355c9f ro console=tty1 console=ttyS0 nvme_core.io_timeout=4294967295 panic=-1
Mar  6 03:13:37 team5revision kernel: [    0.044107] Unknown kernel command line parameters "BOOT_IMAGE=/boot/vmlinuz-5.15.0-1031-aws", will be passed to user space.
Mar  6 03:13:37 team5revision kernel: [    0.044883] Dentry cache hash table entries: 524288 (order: 10, 4194304 bytes, linear)
Mar  6 03:13:37 team5revision kernel: [    0.045276] Inode-cache hash table entries: 262144 (order: 9, 2097152 bytes, linear)
Mar  6 03:13:37 team5revision kernel: [    0.045451] mem auto-init: stack:off, heap alloc:on, heap free:off
Mar  6 03:13:37 team5revision kernel: [    0.080658] Memory: 3999300K/4193908K available (16393K kernel code, 4382K rwdata, 10852K rodata, 3240K init, 6560K bss, 194348K reserved, 0K cma-reserved)
Mar  6 03:13:37 team5revision kernel: [    0.081037] SLUB: HWalign=64, Order=0-3, MinObjects=0, CPUs=15, Nodes=1
Mar  6 03:13:37 team5revision kernel: [    0.081061] Kernel/User page tables isolation: enabled
Mar  6 03:13:37 team5revision kernel: [    0.081085] ftrace: allocating 50241 entries in 197 pages
Mar  6 03:13:37 team5revision kernel: [    0.110760] ftrace: allocated 197 pages with 4 groups
Mar  6 03:13:37 team5revision kernel: [    0.111032] rcu: Hierarchical RCU implementation.
Mar  6 03:13:37 team5revision kernel: [    0.111034] rcu: 	RCU restricting CPUs from NR_CPUS=8192 to nr_cpu_ids=15.
Mar  6 03:13:37 team5revision kernel: [    0.111037] 	Rude variant of Tasks RCU enabled.
Mar  6 03:13:37 team5revision kernel: [    0.111038] 	Tracing variant of Tasks RCU enabled.
Mar  6 03:13:37 team5revision kernel: [    0.111039] rcu: RCU calculated value of scheduler-enlistment delay is 25 jiffies.
Mar  6 03:13:37 team5revision kernel: [    0.111041] rcu: Adjusting geometry for rcu_fanout_leaf=16, nr_cpu_ids=15
Mar  6 03:13:37 team5revision kernel: [    0.116020] NR_IRQS: 524544, nr_irqs: 952, preallocated irqs: 16
Mar  6 03:13:37 team5revision kernel: [    0.116075] xen:events: Using 2-level ABI
Mar  6 03:13:37 team5revision kernel: [    0.116136] xen:events: Xen HVM callback vector for event delivery is enabled
Mar  6 03:13:37 team5revision kernel: [    0.116297] random: crng init done
Mar  6 03:13:37 team5revision kernel: [    0.153689] Console: colour VGA+ 80x25
Mar  6 03:13:37 team5revision kernel: [    0.470352] printk: console [tty1] enabled
Mar  6 03:13:37 team5revision kernel: [    0.471982] Cannot get hvm parameter CONSOLE_EVTCHN (18): -22!
Mar  6 03:13:37 team5revision kernel: [    1.690500] printk: console [ttyS0] enabled
Mar  6 03:13:37 team5revision kernel: [    1.695382] ACPI: Core revision 20210730
Mar  6 03:13:37 team5revision kernel: [    1.701381] clocksource: hpet: mask: 0xffffffff max_cycles: 0xffffffff, max_idle_ns: 30580167144 ns
Mar  6 03:13:37 team5revision kernel: [    1.710625] APIC: Switch to symmetric I/O mode setup
Mar  6 03:13:37 team5revision kernel: [    1.719542] x2apic: IRQ remapping doesn't support X2APIC mode
Mar  6 03:13:37 team5revision kernel: [    1.726908] Switched APIC routing to physical flat.
Mar  6 03:13:37 team5revision kernel: [    1.744522] ..TIMER: vector=0x30 apic1=0 pin1=2 apic2=0 pin2=0
Mar  6 03:13:37 team5revision kernel: [    1.770254] clocksource: tsc-early: mask: 0xffffffffffffffff max_cycles: 0x212780cf19e, max_idle_ns: 440795285319 ns
Mar  6 03:13:37 team5revision kernel: [    1.781165] Calibrating delay loop (skipped), value calculated using timer frequency.. 4600.16 BogoMIPS (lpj=9200320)
Mar  6 03:13:37 team5revision kernel: [    1.797162] pid_max: default: 32768 minimum: 301
Mar  6 03:13:37 team5revision kernel: [    1.801232] LSM: Security Framework initializing
Mar  6 03:13:37 team5revision kernel: [    1.809195] landlock: Up and running.
Mar  6 03:13:37 team5revision kernel: [    1.813165] Yama: becoming mindful.
Mar  6 03:13:37 team5revision kernel: [    1.821225] AppArmor: AppArmor initialized
Mar  6 03:13:37 team5revision kernel: [    1.825276] Mount-cache hash table entries: 8192 (order: 4, 65536 bytes, linear)
Mar  6 03:13:37 team5revision kernel: [    1.833178] Mountpoint-cache hash table entries: 8192 (order: 4, 65536 bytes, linear)
Mar  6 03:13:37 team5revision kernel: [    1.853635] Last level iTLB entries: 4KB 64, 2MB 8, 4MB 8
Mar  6 03:13:37 team5revision kernel: [    1.865162] Last level dTLB entries: 4KB 64, 2MB 0, 4MB 0, 1GB 4
Mar  6 03:13:37 team5revision kernel: [    1.877171] Spectre V1 : Mitigation: usercopy/swapgs barriers and __user pointer sanitization
Mar  6 03:13:37 team5revision kernel: [    1.893163] Spectre V2 : Mitigation: Retpolines
Mar  6 03:13:37 team5revision kernel: [    1.901160] Spectre V2 : Spectre v2 / SpectreRSB mitigation: Filling RSB on context switch
Mar  6 03:13:37 team5revision kernel: [    1.941162] Spectre V2 : Spectre v2 / SpectreRSB : Filling RSB on VMEXIT
Mar  6 03:13:37 team5revision kernel: [    1.965161] Speculative Store Bypass: Vulnerable
Mar  6 03:13:37 team5revision kernel: [    1.993174] MDS: Vulnerable: Clear CPU buffers attempted, no microcode
Mar  6 03:13:37 team5revision kernel: [    2.001160] MMIO Stale Data: Vulnerable: Clear CPU buffers attempted, no microcode
Mar  6 03:13:37 team5revision kernel: [    2.050015] Freeing SMP alternatives memory: 40K
Mar  6 03:13:37 team5revision kernel: [    2.057318] clocksource: xen: mask: 0xffffffffffffffff max_cycles: 0x1cd42e4dffb, max_idle_ns: 881590591483 ns
Mar  6 03:13:37 team5revision kernel: [    2.069189] Xen: using vcpuop timer interface
Mar  6 03:13:37 team5revision kernel: [    2.069202] installing Xen timer for CPU 0
Mar  6 03:13:37 team5revision kernel: [    2.077266] smpboot: CPU0: Intel(R) Xeon(R) CPU E5-2686 v4 @ 2.30GHz (family: 0x6, model: 0x4f, stepping: 0x1)
Mar  6 03:13:37 team5revision kernel: [    2.081224] cpu 0 spinlock event irq 53
Mar  6 03:13:37 team5revision kernel: [    2.085450] Performance Events: unsupported p6 CPU model 79 no PMU driver, software events only.
Mar  6 03:13:37 team5revision kernel: [    2.089285] rcu: Hierarchical SRCU implementation.
Mar  6 03:13:37 team5revision kernel: [    2.093740] NMI watchdog: Perf NMI watchdog permanently disabled
Mar  6 03:13:37 team5revision kernel: [    2.097507] smp: Bringing up secondary CPUs ...
Mar  6 03:13:37 team5revision kernel: [    2.101394] installing Xen timer for CPU 1
Mar  6 03:13:37 team5revision kernel: [    2.105283] x86: Booting SMP configuration:
Mar  6 03:13:37 team5revision kernel: [    2.109182] .... node  #0, CPUs:        #1
Mar  6 03:13:37 team5revision kernel: [    2.112030] cpu 1 spinlock event irq 59
Mar  6 03:13:37 team5revision kernel: [    2.125227] smp: Brought up 1 node, 2 CPUs
Mar  6 03:13:37 team5revision kernel: [    2.129182] smpboot: Max logical packages: 8
Mar  6 03:13:37 team5revision kernel: [    2.133172] smpboot: Total of 2 processors activated (9200.32 BogoMIPS)
Mar  6 03:13:37 team5revision kernel: [    2.137742] devtmpfs: initialized
Mar  6 03:13:37 team5revision kernel: [    2.141263] x86/mm: Memory block size: 128MB
Mar  6 03:13:37 team5revision kernel: [    2.145721] clocksource: jiffies: mask: 0xffffffff max_cycles: 0xffffffff, max_idle_ns: 7645041785100000 ns
Mar  6 03:13:37 team5revision kernel: [    2.149254] futex hash table entries: 4096 (order: 6, 262144 bytes, linear)
Mar  6 03:13:37 team5revision kernel: [    2.153365] pinctrl core: initialized pinctrl subsystem
Mar  6 03:13:37 team5revision kernel: [    2.157382] PM: RTC time: 02:13:16, date: 2023-03-06
Mar  6 03:13:37 team5revision kernel: [    2.161431] NET: Registered PF_NETLINK/PF_ROUTE protocol family
Mar  6 03:13:37 team5revision kernel: [    2.165498] DMA: preallocated 512 KiB GFP_KERNEL pool for atomic allocations
Mar  6 03:13:37 team5revision kernel: [    2.169316] DMA: preallocated 512 KiB GFP_KERNEL|GFP_DMA pool for atomic allocations
Mar  6 03:13:37 team5revision kernel: [    2.173309] DMA: preallocated 512 KiB GFP_KERNEL|GFP_DMA32 pool for atomic allocations
Mar  6 03:13:37 team5revision kernel: [    2.177201] audit: initializing netlink subsys (disabled)
Mar  6 03:13:37 team5revision kernel: [    2.181291] audit: type=2000 audit(1678068796.397:1): state=initialized audit_enabled=0 res=1
Mar  6 03:13:37 team5revision kernel: [    2.181398] thermal_sys: Registered thermal governor 'fair_share'
Mar  6 03:13:37 team5revision kernel: [    2.185175] thermal_sys: Registered thermal governor 'bang_bang'
Mar  6 03:13:37 team5revision kernel: [    2.189175] thermal_sys: Registered thermal governor 'step_wise'
Mar  6 03:13:37 team5revision kernel: [    2.193172] thermal_sys: Registered thermal governor 'user_space'
Mar  6 03:13:37 team5revision kernel: [    2.197172] thermal_sys: Registered thermal governor 'power_allocator'
Mar  6 03:13:37 team5revision kernel: [    2.201202] EISA bus registered
Mar  6 03:13:37 team5revision kernel: [    2.209195] cpuidle: using governor ladder
Mar  6 03:13:37 team5revision kernel: [    2.213193] cpuidle: using governor menu
Mar  6 03:13:37 team5revision kernel: [    2.217254] ACPI: bus type PCI registered
Mar  6 03:13:37 team5revision kernel: [    2.221171] acpiphp: ACPI Hot Plug PCI Controller Driver version: 0.5
Mar  6 03:13:37 team5revision kernel: [    2.226379] PCI: Using configuration type 1 for base access
Mar  6 03:13:37 team5revision kernel: [    2.230908] Kprobes globally optimized
Mar  6 03:13:37 team5revision kernel: [    2.233278] HugeTLB registered 2.00 MiB page size, pre-allocated 0 pages
Mar  6 03:13:37 team5revision kernel: [    2.241238] ACPI: Added _OSI(Module Device)
Mar  6 03:13:37 team5revision kernel: [    2.245193] ACPI: Added _OSI(Processor Device)
Mar  6 03:13:37 team5revision kernel: [    2.249169] ACPI: Added _OSI(3.0 _SCP Extensions)
Mar  6 03:13:37 team5revision kernel: [    2.253178] ACPI: Added _OSI(Processor Aggregator Device)
Mar  6 03:13:37 team5revision kernel: [    2.257178] ACPI: Added _OSI(Linux-Dell-Video)
Mar  6 03:13:37 team5revision kernel: [    2.261171] ACPI: Added _OSI(Linux-Lenovo-NV-HDMI-Audio)
Mar  6 03:13:37 team5revision kernel: [    2.265177] ACPI: Added _OSI(Linux-HPI-Hybrid-Graphics)
Mar  6 03:13:37 team5revision kernel: [    2.276549] ACPI: 3 ACPI AML tables successfully acquired and loaded
Mar  6 03:13:37 team5revision kernel: [    2.278240] xen: --> pirq=16 -> irq=9 (gsi=9)
Mar  6 03:13:37 team5revision kernel: [    2.279531] ACPI: Interpreter enabled
Mar  6 03:13:37 team5revision kernel: [    2.281214] ACPI: PM: (supports S0 S4 S5)
Mar  6 03:13:37 team5revision kernel: [    2.285179] ACPI: Using IOAPIC for interrupt routing
Mar  6 03:13:37 team5revision kernel: [    2.289260] PCI: Using host bridge windows from ACPI; if necessary, use "pci=nocrs" and report a bug
Mar  6 03:13:37 team5revision kernel: [    2.293170] PCI: Using E820 reservations for host bridge windows
Mar  6 03:13:37 team5revision kernel: [    2.297700] ACPI: Enabled 2 GPEs in block 00 to 0F
Mar  6 03:13:37 team5revision kernel: [    2.368971] ACPI: PCI Root Bridge [PCI0] (domain 0000 [bus 00-ff])
Mar  6 03:13:37 team5revision kernel: [    2.369202] acpi PNP0A03:00: _OSC: OS supports [ASPM ClockPM Segments MSI EDR HPX-Type3]
Mar  6 03:13:37 team5revision kernel: [    2.373223] acpi PNP0A03:00: fail to add MMCONFIG information, can't access extended PCI configuration space under this bridge.
Mar  6 03:13:37 team5revision kernel: [    2.379278] acpiphp: Slot [0] registered
Mar  6 03:13:37 team5revision kernel: [    2.383294] acpiphp: Slot [3] registered
Mar  6 03:13:37 team5revision kernel: [    2.385827] acpiphp: Slot [4] registered
Mar  6 03:13:37 team5revision kernel: [    2.389912] acpiphp: Slot [5] registered
Mar  6 03:13:37 team5revision kernel: [    2.393813] acpiphp: Slot [6] registered
Mar  6 03:13:37 team5revision kernel: [    2.397959] acpiphp: Slot [7] registered
Mar  6 03:13:37 team5revision kernel: [    2.401895] acpiphp: Slot [8] registered
Mar  6 03:13:37 team5revision kernel: [    2.406205] acpiphp: Slot [9] registered
Mar  6 03:13:37 team5revision kernel: [    2.410096] acpiphp: Slot [10] registered
Mar  6 03:13:37 team5revision kernel: [    2.414216] acpiphp: Slot [11] registered
Mar  6 03:13:37 team5revision kernel: [    2.417738] acpiphp: Slot [12] registered
Mar  6 03:13:37 team5revision kernel: [    2.421733] acpiphp: Slot [13] registered
Mar  6 03:13:37 team5revision kernel: [    2.425755] acpiphp: Slot [14] registered
Mar  6 03:13:37 team5revision kernel: [    2.429672] acpiphp: Slot [15] registered
Mar  6 03:13:37 team5revision kernel: [    2.433683] acpiphp: Slot [16] registered
Mar  6 03:13:37 team5revision kernel: [    2.437722] acpiphp: Slot [17] registered
Mar  6 03:13:37 team5revision kernel: [    2.441679] acpiphp: Slot [18] registered
Mar  6 03:13:37 team5revision kernel: [    2.445726] acpiphp: Slot [19] registered
Mar  6 03:13:37 team5revision kernel: [    2.449989] acpiphp: Slot [20] registered
Mar  6 03:13:37 team5revision kernel: [    2.453978] acpiphp: Slot [21] registered
Mar  6 03:13:37 team5revision kernel: [    2.457647] acpiphp: Slot [22] registered
Mar  6 03:13:37 team5revision kernel: [    2.462211] acpiphp: Slot [23] registered
Mar  6 03:13:37 team5revision kernel: [    2.465906] acpiphp: Slot [24] registered
Mar  6 03:13:37 team5revision kernel: [    2.469688] acpiphp: Slot [25] registered
Mar  6 03:13:37 team5revision kernel: [    2.477452] acpiphp: Slot [26] registered
Mar  6 03:13:37 team5revision kernel: [    2.481778] acpiphp: Slot [27] registered
Mar  6 03:13:37 team5revision kernel: [    2.490144] acpiphp: Slot [28] registered
Mar  6 03:13:37 team5revision kernel: [    2.493785] acpiphp: Slot [29] registered
Mar  6 03:13:37 team5revision kernel: [    2.497966] acpiphp: Slot [30] registered
Mar  6 03:13:37 team5revision kernel: [    2.502046] acpiphp: Slot [31] registered
Mar  6 03:13:37 team5revision kernel: [    2.505925] PCI host bridge to bus 0000:00
Mar  6 03:13:37 team5revision kernel: [    2.509174] pci_bus 0000:00: root bus resource [bus 00-ff]
Mar  6 03:13:37 team5revision kernel: [    2.513172] pci_bus 0000:00: root bus resource [io  0x0000-0x0cf7 window]
Mar  6 03:13:37 team5revision kernel: [    2.517172] pci_bus 0000:00: root bus resource [io  0x0d00-0xffff window]
Mar  6 03:13:37 team5revision kernel: [    2.521168] pci_bus 0000:00: root bus resource [mem 0x000a0000-0x000bffff window]
Mar  6 03:13:37 team5revision kernel: [    2.525170] pci_bus 0000:00: root bus resource [mem 0xf0000000-0xfbffffff window]
Mar  6 03:13:37 team5revision kernel: [    2.530333] pci 0000:00:00.0: [8086:1237] type 00 class 0x060000
Mar  6 03:13:37 team5revision kernel: [    2.539640] pci 0000:00:01.0: [8086:7000] type 00 class 0x060100
Mar  6 03:13:37 team5revision kernel: [    2.547088] pci 0000:00:01.1: [8086:7010] type 00 class 0x010180
Mar  6 03:13:37 team5revision kernel: [    2.556346] pci 0000:00:01.1: reg 0x20: [io  0xc100-0xc10f]
Mar  6 03:13:37 team5revision kernel: [    2.558593] pci 0000:00:01.1: legacy IDE quirk: reg 0x10: [io  0x01f0-0x01f7]
Mar  6 03:13:37 team5revision kernel: [    2.561175] pci 0000:00:01.1: legacy IDE quirk: reg 0x14: [io  0x03f6]
Mar  6 03:13:37 team5revision kernel: [    2.565176] pci 0000:00:01.1: legacy IDE quirk: reg 0x18: [io  0x0170-0x0177]
Mar  6 03:13:37 team5revision kernel: [    2.569174] pci 0000:00:01.1: legacy IDE quirk: reg 0x1c: [io  0x0376]
Mar  6 03:13:37 team5revision kernel: [    2.575246] * Found PM-Timer Bug on the chipset. Due to workarounds for a bug,
Mar  6 03:13:37 team5revision kernel: [    2.575246] * this clock source is slow. Consider trying other clock sources
Mar  6 03:13:37 team5revision kernel: [    2.577178] pci 0000:00:01.3: [8086:7113] type 00 class 0x068000
Mar  6 03:13:37 team5revision kernel: [    2.584388] pci 0000:00:01.3: quirk: [io  0xb000-0xb03f] claimed by PIIX4 ACPI
Mar  6 03:13:37 team5revision kernel: [    2.589613] pci 0000:00:02.0: [1013:00b8] type 00 class 0x030000
Mar  6 03:13:37 team5revision kernel: [    2.594363] pci 0000:00:02.0: reg 0x10: [mem 0xf0000000-0xf1ffffff pref]
Mar  6 03:13:37 team5revision kernel: [    2.600810] pci 0000:00:02.0: reg 0x14: [mem 0xf3000000-0xf3000fff]
Mar  6 03:13:37 team5revision kernel: [    2.607827] pci 0000:00:02.0: Video device with shadowed ROM at [mem 0x000c0000-0x000dffff]
Mar  6 03:13:37 team5revision kernel: [    2.611460] pci 0000:00:03.0: [5853:0001] type 00 class 0xff8000
Mar  6 03:13:37 team5revision kernel: [    2.614833] pci 0000:00:03.0: reg 0x10: [io  0xc000-0xc0ff]
Mar  6 03:13:37 team5revision kernel: [    2.618029] pci 0000:00:03.0: reg 0x14: [mem 0xf2000000-0xf2ffffff pref]
Mar  6 03:13:37 team5revision kernel: [    2.635443] ACPI: PCI: Interrupt link LNKA configured for IRQ 5
Mar  6 03:13:37 team5revision kernel: [    2.637597] ACPI: PCI: Interrupt link LNKB configured for IRQ 10
Mar  6 03:13:37 team5revision kernel: [    2.641758] ACPI: PCI: Interrupt link LNKC configured for IRQ 11
Mar  6 03:13:37 team5revision kernel: [    2.645586] ACPI: PCI: Interrupt link LNKD configured for IRQ 5
Mar  6 03:13:37 team5revision kernel: [    2.686655] xen:balloon: Initialising balloon driver
Mar  6 03:13:37 team5revision kernel: [    2.689246] iommu: Default domain type: Translated 
Mar  6 03:13:37 team5revision kernel: [    2.693169] iommu: DMA domain TLB invalidation policy: lazy mode 
Mar  6 03:13:37 team5revision kernel: [    2.697444] SCSI subsystem initialized
Mar  6 03:13:37 team5revision kernel: [    2.701220] libata version 3.00 loaded.
Mar  6 03:13:37 team5revision kernel: [    2.701301] pci 0000:00:02.0: vgaarb: setting as boot VGA device
Mar  6 03:13:37 team5revision kernel: [    2.705156] pci 0000:00:02.0: vgaarb: VGA device added: decodes=io+mem,owns=io+mem,locks=none
Mar  6 03:13:37 team5revision kernel: [    2.717171] pci 0000:00:02.0: vgaarb: bridge control possible
Mar  6 03:13:37 team5revision kernel: [    2.725168] vgaarb: loaded
Mar  6 03:13:37 team5revision kernel: [    2.729135] ACPI: bus type USB registered
Mar  6 03:13:37 team5revision kernel: [    2.733216] usbcore: registered new interface driver usbfs
Mar  6 03:13:37 team5revision kernel: [    2.741205] usbcore: registered new interface driver hub
Mar  6 03:13:37 team5revision kernel: [    2.745200] usbcore: registered new device driver usb
Mar  6 03:13:37 team5revision kernel: [    2.753231] pps_core: LinuxPPS API ver. 1 registered
Mar  6 03:13:37 team5revision kernel: [    2.761169] pps_core: Software ver. 5.3.6 - Copyright 2005-2007 Rodolfo Giometti <giometti@linux.it>
Mar  6 03:13:37 team5revision kernel: [    2.785207] PTP clock support registered
Mar  6 03:13:37 team5revision kernel: [    2.789233] EDAC MC: Ver: 3.0.0
Mar  6 03:13:37 team5revision kernel: [    2.794040] NetLabel: Initializing
Mar  6 03:13:37 team5revision kernel: [    2.797169] NetLabel:  domain hash size = 128
Mar  6 03:13:37 team5revision kernel: [    2.801168] NetLabel:  protocols = UNLABELED CIPSOv4 CALIPSO
Mar  6 03:13:37 team5revision kernel: [    2.805210] NetLabel:  unlabeled traffic allowed by default
Mar  6 03:13:37 team5revision kernel: [    2.809237] PCI: Using ACPI for IRQ routing
Mar  6 03:13:37 team5revision kernel: [    2.813166] PCI: pci_cache_line_size set to 64 bytes
Mar  6 03:13:37 team5revision kernel: [    2.813818] e820: reserve RAM buffer [mem 0x0009e000-0x0009ffff]
Mar  6 03:13:37 team5revision kernel: [    2.814536] hpet: 3 channels of 0 reserved for per-cpu timers
Mar  6 03:13:37 team5revision kernel: [    2.821180] hpet0: at MMIO 0xfed00000, IRQs 2, 8, 0
Mar  6 03:13:37 team5revision kernel: [    2.825164] hpet0: 3 comparators, 64-bit 62.500000 MHz counter
Mar  6 03:13:37 team5revision kernel: [    2.835303] clocksource: Switched to clocksource xen
Mar  6 03:13:37 team5revision kernel: [    2.852231] VFS: Disk quotas dquot_6.6.0
Mar  6 03:13:37 team5revision kernel: [    2.857837] VFS: Dquot-cache hash table entries: 512 (order 0, 4096 bytes)
Mar  6 03:13:37 team5revision kernel: [    2.866414] AppArmor: AppArmor Filesystem Enabled
Mar  6 03:13:37 team5revision kernel: [    2.872787] pnp: PnP ACPI init
Mar  6 03:13:37 team5revision kernel: [    2.877590] system 00:00: [mem 0x00000000-0x0009ffff] could not be reserved
Mar  6 03:13:37 team5revision kernel: [    2.885745] system 00:01: [io  0x08a0-0x08a3] has been reserved
Mar  6 03:13:37 team5revision kernel: [    2.893040] system 00:01: [io  0x0cc0-0x0ccf] has been reserved
Mar  6 03:13:37 team5revision kernel: [    2.899930] system 00:01: [io  0x04d0-0x04d1] has been reserved
Mar  6 03:13:37 team5revision kernel: [    2.907657] xen: --> pirq=17 -> irq=8 (gsi=8)
Mar  6 03:13:37 team5revision kernel: [    2.907746] xen: --> pirq=18 -> irq=12 (gsi=12)
Mar  6 03:13:37 team5revision kernel: [    2.907783] xen: --> pirq=19 -> irq=1 (gsi=1)
Mar  6 03:13:37 team5revision kernel: [    2.907828] xen: --> pirq=20 -> irq=6 (gsi=6)
Mar  6 03:13:37 team5revision kernel: [    2.907831] pnp 00:05: [dma 2]
Mar  6 03:13:37 team5revision kernel: [    2.907885] xen: --> pirq=21 -> irq=4 (gsi=4)
Mar  6 03:13:37 team5revision kernel: [    2.907964] system 00:07: [io  0x10c0-0x1141] has been reserved
Mar  6 03:13:37 team5revision kernel: [    2.919837] system 00:07: [io  0xb044-0xb047] has been reserved
Mar  6 03:13:37 team5revision kernel: [    2.969288] pnp: PnP ACPI: found 8 devices
Mar  6 03:13:37 team5revision kernel: [    2.984687] clocksource: acpi_pm: mask: 0xffffff max_cycles: 0xffffff, max_idle_ns: 2085701024 ns
Mar  6 03:13:37 team5revision kernel: [    3.000257] NET: Registered PF_INET protocol family
Mar  6 03:13:37 team5revision kernel: [    3.008633] IP idents hash table entries: 65536 (order: 7, 524288 bytes, linear)
Mar  6 03:13:37 team5revision kernel: [    3.024156] tcp_listen_portaddr_hash hash table entries: 2048 (order: 3, 32768 bytes, linear)
Mar  6 03:13:37 team5revision kernel: [    3.035400] Table-perturb hash table entries: 65536 (order: 6, 262144 bytes, linear)
Mar  6 03:13:37 team5revision kernel: [    3.045580] TCP established hash table entries: 32768 (order: 6, 262144 bytes, linear)
Mar  6 03:13:37 team5revision kernel: [    3.055720] TCP bind hash table entries: 32768 (order: 7, 524288 bytes, linear)
Mar  6 03:13:37 team5revision kernel: [    3.065517] TCP: Hash tables configured (established 32768 bind 32768)
Mar  6 03:13:37 team5revision kernel: [    3.071653] MPTCP token hash table entries: 4096 (order: 4, 98304 bytes, linear)
Mar  6 03:13:37 team5revision kernel: [    3.082150] UDP hash table entries: 2048 (order: 4, 65536 bytes, linear)
Mar  6 03:13:37 team5revision kernel: [    3.088582] UDP-Lite hash table entries: 2048 (order: 4, 65536 bytes, linear)
Mar  6 03:13:37 team5revision kernel: [    3.095755] NET: Registered PF_UNIX/PF_LOCAL protocol family
Mar  6 03:13:37 team5revision kernel: [    3.101754] NET: Registered PF_XDP protocol family
Mar  6 03:13:37 team5revision kernel: [    3.106716] pci_bus 0000:00: resource 4 [io  0x0000-0x0cf7 window]
Mar  6 03:13:37 team5revision kernel: [    3.113869] pci_bus 0000:00: resource 5 [io  0x0d00-0xffff window]
Mar  6 03:13:37 team5revision kernel: [    3.121105] pci_bus 0000:00: resource 6 [mem 0x000a0000-0x000bffff window]
Mar  6 03:13:37 team5revision kernel: [    3.128739] pci_bus 0000:00: resource 7 [mem 0xf0000000-0xfbffffff window]
Mar  6 03:13:37 team5revision kernel: [    3.138193] pci 0000:00:01.0: PIIX3: Enabling Passive Release
Mar  6 03:13:37 team5revision kernel: [    3.154426] pci 0000:00:00.0: quirk_passive_release+0x0/0x80 took 15930 usecs
Mar  6 03:13:37 team5revision kernel: [    3.164246] pci 0000:00:00.0: Limiting direct PCI/PCI transfers
Mar  6 03:13:37 team5revision kernel: [    3.173633] pci 0000:00:01.0: Activating ISA DMA hang workarounds
Mar  6 03:13:37 team5revision kernel: [    3.183469] PCI: CLS 0 bytes, default 64
Mar  6 03:13:37 team5revision kernel: [    3.190370] PCI-DMA: Using software bounce buffering for IO (SWIOTLB)
Mar  6 03:13:37 team5revision kernel: [    3.190457] Trying to unpack rootfs image as initramfs...
Mar  6 03:13:37 team5revision kernel: [    3.200686] software IO TLB: mapped [mem 0x00000000ec000000-0x00000000f0000000] (64MB)
Mar  6 03:13:37 team5revision kernel: [    3.222993] clocksource: tsc: mask: 0xffffffffffffffff max_cycles: 0x212780cf19e, max_idle_ns: 440795285319 ns
Mar  6 03:13:37 team5revision kernel: [    3.224798] Freeing initrd memory: 6776K
Mar  6 03:13:37 team5revision kernel: [    3.247075] Initialise system trusted keyrings
Mar  6 03:13:37 team5revision kernel: [    3.252068] Key type blacklist registered
Mar  6 03:13:37 team5revision kernel: [    3.256835] workingset: timestamp_bits=36 max_order=20 bucket_order=0
Mar  6 03:13:37 team5revision kernel: [    3.270932] zbud: loaded
Mar  6 03:13:37 team5revision kernel: [    3.275635] squashfs: version 4.0 (2009/01/31) Phillip Lougher
Mar  6 03:13:37 team5revision kernel: [    3.285997] fuse: init (API version 7.34)
Mar  6 03:13:37 team5revision kernel: [    3.292215] integrity: Platform Keyring initialized
Mar  6 03:13:37 team5revision kernel: [    3.309127] Key type asymmetric registered
Mar  6 03:13:37 team5revision kernel: [    3.316251] Asymmetric key parser 'x509' registered
Mar  6 03:13:37 team5revision kernel: [    3.323310] Block layer SCSI generic (bsg) driver version 0.4 loaded (major 243)
Mar  6 03:13:37 team5revision kernel: [    3.332992] io scheduler mq-deadline registered
Mar  6 03:13:37 team5revision kernel: [    3.337974] shpchp: Standard Hot Plug PCI Controller Driver version: 0.4
Mar  6 03:13:37 team5revision kernel: [    3.347134] input: Power Button as /devices/LNXSYSTM:00/LNXPWRBN:00/input/input0
Mar  6 03:13:37 team5revision kernel: [    3.355172] ACPI: button: Power Button [PWRF]
Mar  6 03:13:37 team5revision kernel: [    3.360491] input: Sleep Button as /devices/LNXSYSTM:00/LNXSLPBN:00/input/input1
Mar  6 03:13:37 team5revision kernel: [    3.374693] ACPI: button: Sleep Button [SLPF]
Mar  6 03:13:37 team5revision kernel: [    3.434448] xen: --> pirq=22 -> irq=28 (gsi=28)
Mar  6 03:13:37 team5revision kernel: [    3.434622] xen:grant_table: Grant tables using version 1 layout
Mar  6 03:13:37 team5revision kernel: [    3.446907] Grant table initialized
Mar  6 03:13:37 team5revision kernel: [    3.452173] Cannot get hvm parameter CONSOLE_EVTCHN (18): -22!
Mar  6 03:13:37 team5revision kernel: [    3.461782] Serial: 8250/16550 driver, 4 ports, IRQ sharing enabled
Mar  6 03:13:37 team5revision kernel: [    3.516167] 00:06: ttyS0 at I/O 0x3f8 (irq = 4, base_baud = 115200) is a 16550A
Mar  6 03:13:37 team5revision kernel: [    3.576399] Linux agpgart interface v0.103
Mar  6 03:13:37 team5revision kernel: [    3.585095] loop: module loaded
Mar  6 03:13:37 team5revision kernel: [    3.588722] Invalid max_queues (4), will use default max: 2.
Mar  6 03:13:37 team5revision kernel: [    3.654225] ata_piix 0000:00:01.1: version 2.13
Mar  6 03:13:37 team5revision kernel: [    3.655737] scsi host0: ata_piix
Mar  6 03:13:37 team5revision kernel: [    3.663968] scsi host1: ata_piix
Mar  6 03:13:37 team5revision kernel: [    3.668947] ata1: PATA max MWDMA2 cmd 0x1f0 ctl 0x3f6 bmdma 0xc100 irq 14
Mar  6 03:13:37 team5revision kernel: [    3.678532] ata2: PATA max MWDMA2 cmd 0x170 ctl 0x376 bmdma 0xc108 irq 15
Mar  6 03:13:37 team5revision kernel: [    3.691095] tun: Universal TUN/TAP device driver, 1.6
Mar  6 03:13:37 team5revision kernel: [    3.697723] PPP generic driver version 2.4.2
Mar  6 03:13:37 team5revision kernel: [    3.708011] xen_netfront: Initialising Xen virtual ethernet driver
Mar  6 03:13:37 team5revision kernel: [    3.788966] VFIO - User Level meta-driver version: 0.3
Mar  6 03:13:37 team5revision kernel: [    3.797434] ehci_hcd: USB 2.0 'Enhanced' Host Controller (EHCI) Driver
Mar  6 03:13:37 team5revision kernel: [    3.806594] ehci-pci: EHCI PCI platform driver
Mar  6 03:13:37 team5revision kernel: [    3.814355] ehci-platform: EHCI generic platform driver
Mar  6 03:13:37 team5revision kernel: [    3.822314] ohci_hcd: USB 1.1 'Open' Host Controller (OHCI) Driver
Mar  6 03:13:37 team5revision kernel: [    3.830722] ohci-pci: OHCI PCI platform driver
Mar  6 03:13:37 team5revision kernel: [    3.852525] ohci-platform: OHCI generic platform driver
Mar  6 03:13:37 team5revision kernel: [    3.861305] uhci_hcd: USB Universal Host Controller Interface driver
Mar  6 03:13:37 team5revision kernel: [    3.870352] i8042: PNP: PS/2 Controller [PNP0303:PS2K,PNP0f13:PS2M] at 0x60,0x64 irq 1,12
Mar  6 03:13:37 team5revision kernel: [    3.884842] serio: i8042 KBD port at 0x60,0x64 irq 1
Mar  6 03:13:37 team5revision kernel: [    3.891271] serio: i8042 AUX port at 0x60,0x64 irq 12
Mar  6 03:13:37 team5revision kernel: [    3.900370] mousedev: PS/2 mouse device common for all mice
Mar  6 03:13:37 team5revision kernel: [    3.907950] rtc_cmos 00:02: registered as rtc0
Mar  6 03:13:37 team5revision kernel: [    3.914925] rtc_cmos 00:02: setting system clock to 2023-03-06T02:13:19 UTC (1678068799)
Mar  6 03:13:37 team5revision kernel: [    3.928997] rtc_cmos 00:02: alarms up to one day, 114 bytes nvram, hpet irqs
Mar  6 03:13:37 team5revision kernel: [    3.944850] i2c_dev: i2c /dev entries driver
Mar  6 03:13:37 team5revision kernel: [    3.951616] input: AT Translated Set 2 keyboard as /devices/platform/i8042/serio0/input/input2
Mar  6 03:13:37 team5revision kernel: [    3.951694] device-mapper: core: CONFIG_IMA_DISABLE_HTABLE is disabled. Duplicate IMA measurements will not be recorded in the IMA log.
Mar  6 03:13:37 team5revision kernel: [    3.977965] device-mapper: uevent: version 1.0.3
Mar  6 03:13:37 team5revision kernel: [    3.984531] device-mapper: ioctl: 4.45.0-ioctl (2021-03-22) initialised: dm-devel@redhat.com
Mar  6 03:13:37 team5revision kernel: [    4.008641] platform eisa.0: Probing EISA bus 0
Mar  6 03:13:37 team5revision kernel: [    4.020665] platform eisa.0: EISA: Cannot allocate resource for mainboard
Mar  6 03:13:37 team5revision kernel: [    4.031540] platform eisa.0: Cannot allocate resource for EISA slot 1
Mar  6 03:13:37 team5revision kernel: [    4.041500] platform eisa.0: Cannot allocate resource for EISA slot 2
Mar  6 03:13:37 team5revision kernel: [    4.052322] platform eisa.0: Cannot allocate resource for EISA slot 3
Mar  6 03:13:37 team5revision kernel: [    4.061924] platform eisa.0: Cannot allocate resource for EISA slot 4
Mar  6 03:13:37 team5revision kernel: [    4.075815] platform eisa.0: Cannot allocate resource for EISA slot 5
Mar  6 03:13:37 team5revision kernel: [    4.085642] platform eisa.0: Cannot allocate resource for EISA slot 6
Mar  6 03:13:37 team5revision kernel: [    4.095655] platform eisa.0: Cannot allocate resource for EISA slot 7
Mar  6 03:13:37 team5revision kernel: [    4.105217] platform eisa.0: Cannot allocate resource for EISA slot 8
Mar  6 03:13:37 team5revision kernel: [    4.118038] platform eisa.0: EISA: Detected 0 cards
Mar  6 03:13:37 team5revision kernel: [    4.126760] intel_pstate: CPU model not supported
Mar  6 03:13:37 team5revision kernel: [    4.134776] ledtrig-cpu: registered to indicate activity on CPUs
Mar  6 03:13:37 team5revision kernel: [    4.144259] drop_monitor: Initializing network drop monitor service
Mar  6 03:13:37 team5revision kernel: [    4.154038] NET: Registered PF_INET6 protocol family
Mar  6 03:13:37 team5revision kernel: [    4.162259] Segment Routing with IPv6
Mar  6 03:13:37 team5revision kernel: [    4.170583] In-situ OAM (IOAM) with IPv6
Mar  6 03:13:37 team5revision kernel: [    4.175261] blkfront: xvda: barrier or flush: disabled; persistent grants: disabled; indirect descriptors: enabled; bounce buffer: disabled;
Mar  6 03:13:37 team5revision kernel: [    4.176277] NET: Registered PF_PACKET protocol family
Mar  6 03:13:37 team5revision kernel: [    4.206423] Key type dns_resolver registered
Mar  6 03:13:37 team5revision kernel: [    4.213978] No MBM correction factor available
Mar  6 03:13:37 team5revision kernel: [    4.221562] IPI shorthand broadcast: enabled
Mar  6 03:13:37 team5revision kernel: [    4.229130] sched_clock: Marking stable (2636169446, 1592869121)->(5254829113, -1025790546)
Mar  6 03:13:37 team5revision kernel: [    4.239187] registered taskstats version 1
Mar  6 03:13:37 team5revision kernel: [    4.244551] Loading compiled-in X.509 certificates
Mar  6 03:13:37 team5revision kernel: [    4.251060] Loaded X.509 cert 'Build time autogenerated kernel key: 9661695d80a98f99cb2df8c24334d09c0c25f561'
Mar  6 03:13:37 team5revision kernel: [    4.262542] Loaded X.509 cert 'Canonical Ltd. Live Patch Signing: 14df34d1a87cf37625abec039ef2bf521249b969'
Mar  6 03:13:37 team5revision kernel: [    4.278847] Loaded X.509 cert 'Canonical Ltd. Kernel Module Signing: 88f752e560a1e0737e31163a466ad7b70a850c19'
Mar  6 03:13:37 team5revision kernel: [    4.290269] blacklist: Loading compiled-in revocation X.509 certificates
Mar  6 03:13:37 team5revision kernel: [    4.298838] Loaded X.509 cert 'Canonical Ltd. Secure Boot Signing: 61482aa2830d0ab2ad5af10b7250da9033ddcef0'
Mar  6 03:13:37 team5revision kernel: [    4.313966]  xvda: xvda1 xvda14 xvda15
Mar  6 03:13:37 team5revision kernel: [    4.313974] Loaded X.509 cert 'Canonical Ltd. Secure Boot Signing (2017): 242ade75ac4a15e50d50c84b0d45ff3eae707a03'
Mar  6 03:13:37 team5revision kernel: [    4.333728] Loaded X.509 cert 'Canonical Ltd. Secure Boot Signing (ESM 2018): 365188c1d374d6b07c3c8f240f8ef722433d6a8b'
Mar  6 03:13:37 team5revision kernel: [    4.346878] Loaded X.509 cert 'Canonical Ltd. Secure Boot Signing (2019): c0746fd6c5da3ae827864651ad66ae47fe24b3e8'
Mar  6 03:13:37 team5revision kernel: [    4.358114] Loaded X.509 cert 'Canonical Ltd. Secure Boot Signing (2021 v1): a8d54bbb3825cfb94fa13c9f8a594a195c107b8d'
Mar  6 03:13:37 team5revision kernel: [    4.370095] blkfront: xvdg: barrier or flush: disabled; persistent grants: disabled; indirect descriptors: enabled; bounce buffer: disabled;
Mar  6 03:13:37 team5revision kernel: [    4.371474] Loaded X.509 cert 'Canonical Ltd. Secure Boot Signing (2021 v2): 4cf046892d6fd3c9a5b03f98d845f90851dc6a8c'
Mar  6 03:13:37 team5revision kernel: [    4.412064] Loaded X.509 cert 'Canonical Ltd. Secure Boot Signing (2021 v3): 100437bb6de6e469b581e61cd66bce3ef4ed53af'
Mar  6 03:13:37 team5revision kernel: [    4.456346] Loaded X.509 cert 'Canonical Ltd. Secure Boot Signing (Ubuntu Core 2019): c1d57b8f6b743f23ee41f4f7ee292f06eecadfb9'
Mar  6 03:13:37 team5revision kernel: [    4.475018] zswap: loaded using pool lzo/zbud
Mar  6 03:13:37 team5revision kernel: [    4.482020] Key type .fscrypt registered
Mar  6 03:13:37 team5revision kernel: [    4.487224] Key type fscrypt-provisioning registered
Mar  6 03:13:37 team5revision kernel: [    4.495250] Key type encrypted registered
Mar  6 03:13:37 team5revision kernel: [    4.501387] AppArmor: AppArmor sha1 policy hashing enabled
Mar  6 03:13:37 team5revision kernel: [    4.508872] ima: No TPM chip found, activating TPM-bypass!
Mar  6 03:13:37 team5revision kernel: [    4.521118] Loading compiled-in module X.509 certificates
Mar  6 03:13:37 team5revision kernel: [    4.529012] Loaded X.509 cert 'Build time autogenerated kernel key: 9661695d80a98f99cb2df8c24334d09c0c25f561'
Mar  6 03:13:37 team5revision kernel: [    4.541853] ima: Allocated hash algorithm: sha1
Mar  6 03:13:37 team5revision kernel: [    4.549074] ima: No architecture policies found
Mar  6 03:13:37 team5revision kernel: [    4.555643] evm: Initialising EVM extended attributes:
Mar  6 03:13:37 team5revision kernel: [    4.561741] evm: security.selinux
Mar  6 03:13:37 team5revision kernel: [    4.572494] evm: security.SMACK64
Mar  6 03:13:37 team5revision kernel: [    4.583378] evm: security.SMACK64EXEC
Mar  6 03:13:37 team5revision kernel: [    4.591001] evm: security.SMACK64TRANSMUTE
Mar  6 03:13:37 team5revision kernel: [    4.597581] evm: security.SMACK64MMAP
Mar  6 03:13:37 team5revision kernel: [    4.609311] evm: security.apparmor
Mar  6 03:13:37 team5revision kernel: [    4.624924] evm: security.ima
Mar  6 03:13:37 team5revision kernel: [    4.628895] evm: security.capability
Mar  6 03:13:37 team5revision kernel: [    4.633277] evm: HMAC attrs: 0x1
Mar  6 03:13:37 team5revision kernel: [    4.658110] blkfront: xvdf: barrier or flush: disabled; persistent grants: disabled; indirect descriptors: enabled; bounce buffer: disabled;
Mar  6 03:13:37 team5revision kernel: [    4.741411] PM:   Magic number: 15:806:206
Mar  6 03:13:37 team5revision kernel: [    4.749552] acpi device:2e: hash matches
Mar  6 03:13:37 team5revision kernel: [    4.755938] RAS: Correctable Errors collector initialized.
Mar  6 03:13:37 team5revision kernel: [    4.773164] md: Waiting for all devices to be available before autodetect
Mar  6 03:13:37 team5revision kernel: [    4.786770] md: If you don't use raid, use raid=noautodetect
Mar  6 03:13:37 team5revision kernel: [    4.797075] md: Autodetecting RAID arrays.
Mar  6 03:13:37 team5revision kernel: [    4.806263] md: autorun ...
Mar  6 03:13:37 team5revision kernel: [    4.813790] md: ... autorun DONE.
Mar  6 03:13:37 team5revision kernel: [    4.839214] EXT4-fs (xvda1): mounted filesystem with ordered data mode. Opts: (null). Quota mode: none.
Mar  6 03:13:37 team5revision kernel: [    4.851247] VFS: Mounted root (ext4 filesystem) readonly on device 202:1.
Mar  6 03:13:37 team5revision kernel: [    4.860603] devtmpfs: mounted
Mar  6 03:13:37 team5revision kernel: [    4.867963] Freeing unused decrypted memory: 2036K
Mar  6 03:13:37 team5revision kernel: [    4.878266] Freeing unused kernel image (initmem) memory: 3240K
Mar  6 03:13:37 team5revision kernel: [    4.889255] Write protecting the kernel read-only data: 30720k
Mar  6 03:13:37 team5revision kernel: [    4.931096] Freeing unused kernel image (text/rodata gap) memory: 2036K
Mar  6 03:13:37 team5revision kernel: [    4.943985] Freeing unused kernel image (rodata/data gap) memory: 1436K
Mar  6 03:13:37 team5revision kernel: [    5.004165] x86/mm: Checked W+X mappings: passed, no W+X pages found.
Mar  6 03:13:37 team5revision kernel: [    5.022245] x86/mm: Checking user space page tables
Mar  6 03:13:37 team5revision kernel: [    5.085493] x86/mm: Checked W+X mappings: passed, no W+X pages found.
Mar  6 03:13:37 team5revision kernel: [    5.111760] Run /sbin/init as init process
Mar  6 03:13:37 team5revision kernel: [    5.119912]   with arguments:
Mar  6 03:13:37 team5revision kernel: [    5.119918]     /sbin/init
Mar  6 03:13:37 team5revision kernel: [    5.119920]   with environment:
Mar  6 03:13:37 team5revision kernel: [    5.119921]     HOME=/
Mar  6 03:13:37 team5revision kernel: [    5.119922]     TERM=linux
Mar  6 03:13:37 team5revision kernel: [    5.119923]     BOOT_IMAGE=/boot/vmlinuz-5.15.0-1031-aws
Mar  6 03:13:37 team5revision kernel: [    7.679914] EXT4-fs (xvda1): re-mounted. Opts: discard. Quota mode: none.
Mar  6 03:13:37 team5revision kernel: [    8.242593] FDC 0 is a S82078B
Mar  6 03:13:37 team5revision kernel: [    8.354247] cryptd: max_cpu_qlen set to 1000
Mar  6 03:13:37 team5revision kernel: [    8.413873] AVX2 version of gcm_enc/dec engaged.
Mar  6 03:13:37 team5revision kernel: [    8.413968] AES CTR mode by8 optimization enabled
Mar  6 03:13:37 team5revision kernel: [    8.929574] alua: device handler registered
Mar  6 03:13:37 team5revision kernel: [    8.932072] emc: device handler registered
Mar  6 03:13:37 team5revision kernel: [    8.934727] rdac: device handler registered
Mar  6 03:13:37 team5revision kernel: [    9.057352] loop0: detected capacity change from 0 to 49944
Mar  6 03:13:37 team5revision kernel: [    9.073589] loop1: detected capacity change from 0 to 113888
Mar  6 03:13:37 team5revision kernel: [    9.073791] loop2: detected capacity change from 0 to 113888
Mar  6 03:13:37 team5revision kernel: [    9.100157] loop3: detected capacity change from 0 to 129600
Mar  6 03:13:37 team5revision kernel: [    9.109937] loop4: detected capacity change from 0 to 129584
Mar  6 03:13:37 team5revision kernel: [    9.110009] loop5: detected capacity change from 0 to 188072
Mar  6 03:13:37 team5revision kernel: [    9.111018] loop6: detected capacity change from 0 to 102048
Mar  6 03:13:37 team5revision kernel: [    9.135730] loop7: detected capacity change from 0 to 102072
Mar  6 03:13:37 team5revision kernel: [    9.265523] EXT4-fs (xvdf): mounting ext2 file system using the ext4 subsystem
Mar  6 03:13:37 team5revision kernel: [    9.268365] EXT4-fs (xvdf): mounted filesystem without journal. Opts: (null). Quota mode: none.
Mar  6 03:13:37 team5revision kernel: [    9.439486] input: ImExPS/2 Generic Explorer Mouse as /devices/platform/i8042/serio1/input/input4
Mar  6 03:13:37 team5revision kernel: [    9.483471] audit: type=1400 audit(1678068805.064:2): apparmor="STATUS" operation="profile_load" profile="unconfined" name="lsb_release" pid=398 comm="apparmor_parser"
Mar  6 03:13:37 team5revision kernel: [    9.488337] audit: type=1400 audit(1678068805.068:3): apparmor="STATUS" operation="profile_load" profile="unconfined" name="/usr/bin/man" pid=397 comm="apparmor_parser"
Mar  6 03:13:37 team5revision kernel: [    9.488342] audit: type=1400 audit(1678068805.068:4): apparmor="STATUS" operation="profile_load" profile="unconfined" name="man_filter" pid=397 comm="apparmor_parser"
Mar  6 03:13:37 team5revision kernel: [    9.488345] audit: type=1400 audit(1678068805.068:5): apparmor="STATUS" operation="profile_load" profile="unconfined" name="man_groff" pid=397 comm="apparmor_parser"
Mar  6 03:13:37 team5revision kernel: [    9.507519] audit: type=1400 audit(1678068805.088:6): apparmor="STATUS" operation="profile_load" profile="unconfined" name="/usr/lib/snapd/snap-confine" pid=401 comm="apparmor_parser"
Mar  6 03:13:37 team5revision kernel: [    9.507528] audit: type=1400 audit(1678068805.088:7): apparmor="STATUS" operation="profile_load" profile="unconfined" name="/usr/lib/snapd/snap-confine//mount-namespace-capture-helper" pid=401 comm="apparmor_parser"
Mar  6 03:13:37 team5revision kernel: [    9.514303] audit: type=1400 audit(1678068805.096:8): apparmor="STATUS" operation="profile_load" profile="unconfined" name="nvidia_modprobe" pid=404 comm="apparmor_parser"
Mar  6 03:13:37 team5revision kernel: [    9.514310] audit: type=1400 audit(1678068805.096:9): apparmor="STATUS" operation="profile_load" profile="unconfined" name="nvidia_modprobe//kmod" pid=404 comm="apparmor_parser"
Mar  6 03:13:37 team5revision kernel: [    9.519960] audit: type=1400 audit(1678068805.100:10): apparmor="STATUS" operation="profile_load" profile="unconfined" name="/usr/sbin/tcpdump" pid=402 comm="apparmor_parser"
Mar  6 03:13:37 team5revision kernel: [    9.536576] audit: type=1400 audit(1678068805.116:11): apparmor="STATUS" operation="profile_load" profile="unconfined" name="/usr/lib/NetworkManager/nm-dhcp-client.action" pid=405 comm="apparmor_parser"
Mar  6 03:13:37 team5revision kernel: [   21.750867] Process accounting resumed
Mar  6 03:13:46 team5revision kernel: [   30.937679] loop8: detected capacity change from 0 to 8
Mar  6 03:54:36 team5revision kernel: [    0.000000] Linux version 5.15.0-1031-aws (buildd@lcy02-amd64-045) (gcc (Ubuntu 9.4.0-1ubuntu1~20.04.1) 9.4.0, GNU ld (GNU Binutils for Ubuntu) 2.34) #35~20.04.1-Ubuntu SMP Sat Feb 11 16:19:06 UTC 2023 (Ubuntu 5.15.0-1031.35~20.04.1-aws 5.15.85)
Mar  6 03:54:36 team5revision kernel: [    0.000000] Command line: BOOT_IMAGE=/boot/vmlinuz-5.15.0-1031-aws root=PARTUUID=b6f09fc9-a0ef-4282-a149-e9c131355c9f ro console=tty1 console=ttyS0 nvme_core.io_timeout=4294967295 panic=-1
Mar  6 03:54:36 team5revision kernel: [    0.000000] KERNEL supported cpus:
Mar  6 03:54:36 team5revision kernel: [    0.000000]   Intel GenuineIntel
Mar  6 03:54:36 team5revision kernel: [    0.000000]   AMD AuthenticAMD
Mar  6 03:54:36 team5revision kernel: [    0.000000]   Hygon HygonGenuine
Mar  6 03:54:36 team5revision kernel: [    0.000000]   Centaur CentaurHauls
Mar  6 03:54:36 team5revision kernel: [    0.000000]   zhaoxin   Shanghai  
Mar  6 03:54:36 team5revision kernel: [    0.000000] x86/fpu: Supporting XSAVE feature 0x001: 'x87 floating point registers'
Mar  6 03:54:36 team5revision kernel: [    0.000000] x86/fpu: Supporting XSAVE feature 0x002: 'SSE registers'
Mar  6 03:54:36 team5revision kernel: [    0.000000] x86/fpu: Supporting XSAVE feature 0x004: 'AVX registers'
Mar  6 03:54:36 team5revision kernel: [    0.000000] x86/fpu: xstate_offset[2]:  576, xstate_sizes[2]:  256
Mar  6 03:54:36 team5revision kernel: [    0.000000] x86/fpu: Enabled xstate features 0x7, context size is 832 bytes, using 'standard' format.
Mar  6 03:54:36 team5revision kernel: [    0.000000] signal: max sigframe size: 1776
Mar  6 03:54:36 team5revision kernel: [    0.000000] BIOS-provided physical RAM map:
Mar  6 03:54:36 team5revision kernel: [    0.000000] BIOS-e820: [mem 0x0000000000000000-0x000000000009dfff] usable
Mar  6 03:54:36 team5revision kernel: [    0.000000] BIOS-e820: [mem 0x000000000009e000-0x000000000009ffff] reserved
Mar  6 03:54:36 team5revision kernel: [    0.000000] BIOS-e820: [mem 0x00000000000e0000-0x00000000000fffff] reserved
Mar  6 03:54:36 team5revision kernel: [    0.000000] BIOS-e820: [mem 0x0000000000100000-0x00000000efffffff] usable
Mar  6 03:54:36 team5revision kernel: [    0.000000] BIOS-e820: [mem 0x00000000fc000000-0x00000000ffffffff] reserved
Mar  6 03:54:36 team5revision kernel: [    0.000000] BIOS-e820: [mem 0x0000000100000000-0x000000010fffffff] usable
Mar  6 03:54:36 team5revision kernel: [    0.000000] NX (Execute Disable) protection: active
Mar  6 03:54:36 team5revision kernel: [    0.000000] SMBIOS 2.7 present.
Mar  6 03:54:36 team5revision kernel: [    0.000000] DMI: Xen HVM domU, BIOS 4.2.amazon 08/24/2006
Mar  6 03:54:36 team5revision kernel: [    0.000000] Hypervisor detected: Xen HVM
Mar  6 03:54:36 team5revision kernel: [    0.000000] Xen version 4.2.
Mar  6 03:54:36 team5revision kernel: [    0.000000] platform_pci_unplug: Netfront and the Xen platform PCI driver have been compiled for this kernel: unplug emulated NICs.
Mar  6 03:54:36 team5revision kernel: [    0.000000] platform_pci_unplug: Blkfront and the Xen platform PCI driver have been compiled for this kernel: unplug emulated disks.
Mar  6 03:54:36 team5revision kernel: [    0.000000] You might have to change the root device
Mar  6 03:54:36 team5revision kernel: [    0.000000] from /dev/hd[a-d] to /dev/xvd[a-d]
Mar  6 03:54:36 team5revision kernel: [    0.000000] in your root= kernel command line option
Mar  6 03:54:36 team5revision kernel: [    0.000007] HVMOP_pagetable_dying not supported
Mar  6 03:54:36 team5revision kernel: [    0.015686] tsc: Fast TSC calibration using PIT
Mar  6 03:54:36 team5revision kernel: [    0.015692] tsc: Detected 2299.921 MHz processor
Mar  6 03:54:36 team5revision kernel: [    0.015694] tsc: Detected 2300.062 MHz TSC
Mar  6 03:54:36 team5revision kernel: [    0.016171] e820: update [mem 0x00000000-0x00000fff] usable ==> reserved
Mar  6 03:54:36 team5revision kernel: [    0.016176] e820: remove [mem 0x000a0000-0x000fffff] usable
Mar  6 03:54:36 team5revision kernel: [    0.016183] last_pfn = 0x110000 max_arch_pfn = 0x400000000
Mar  6 03:54:36 team5revision kernel: [    0.016221] x86/PAT: Configuration [0-7]: WB  WC  UC- UC  WB  WP  UC- WT  
Mar  6 03:54:36 team5revision kernel: [    0.016230] last_pfn = 0xf0000 max_arch_pfn = 0x400000000
Mar  6 03:54:36 team5revision kernel: [    0.023791] found SMP MP-table at [mem 0x000fbc50-0x000fbc5f]
Mar  6 03:54:36 team5revision kernel: [    0.023991] RAMDISK: [mem 0x372b3000-0x37950fff]
Mar  6 03:54:36 team5revision kernel: [    0.023998] ACPI: Early table checksum verification disabled
Mar  6 03:54:36 team5revision kernel: [    0.024003] ACPI: RSDP 0x00000000000EA020 000024 (v02 Xen   )
Mar  6 03:54:36 team5revision kernel: [    0.024009] ACPI: XSDT 0x00000000FC00E2A0 000054 (v01 Xen    HVM      00000000 HVML 00000000)
Mar  6 03:54:36 team5revision kernel: [    0.024017] ACPI: FACP 0x00000000FC00DF60 0000F4 (v04 Xen    HVM      00000000 HVML 00000000)
Mar  6 03:54:36 team5revision kernel: [    0.024026] ACPI: DSDT 0x00000000FC0021C0 00BD19 (v02 Xen    HVM      00000000 INTL 20090123)
Mar  6 03:54:36 team5revision kernel: [    0.024030] ACPI: FACS 0x00000000FC002180 000040
Mar  6 03:54:36 team5revision kernel: [    0.024034] ACPI: FACS 0x00000000FC002180 000040
Mar  6 03:54:36 team5revision kernel: [    0.024038] ACPI: APIC 0x00000000FC00E060 0000D8 (v02 Xen    HVM      00000000 HVML 00000000)
Mar  6 03:54:36 team5revision kernel: [    0.024043] ACPI: HPET 0x00000000FC00E1B0 000038 (v01 Xen    HVM      00000000 HVML 00000000)
Mar  6 03:54:36 team5revision kernel: [    0.024047] ACPI: WAET 0x00000000FC00E1F0 000028 (v01 Xen    HVM      00000000 HVML 00000000)
Mar  6 03:54:36 team5revision kernel: [    0.024051] ACPI: SSDT 0x00000000FC00E220 000031 (v02 Xen    HVM      00000000 INTL 20090123)
Mar  6 03:54:36 team5revision kernel: [    0.024055] ACPI: SSDT 0x00000000FC00E260 000033 (v02 Xen    HVM      00000000 INTL 20090123)
Mar  6 03:54:36 team5revision kernel: [    0.024058] ACPI: Reserving FACP table memory at [mem 0xfc00df60-0xfc00e053]
Mar  6 03:54:36 team5revision kernel: [    0.024060] ACPI: Reserving DSDT table memory at [mem 0xfc0021c0-0xfc00ded8]
Mar  6 03:54:36 team5revision kernel: [    0.024062] ACPI: Reserving FACS table memory at [mem 0xfc002180-0xfc0021bf]
Mar  6 03:54:36 team5revision kernel: [    0.024063] ACPI: Reserving FACS table memory at [mem 0xfc002180-0xfc0021bf]
Mar  6 03:54:36 team5revision kernel: [    0.024065] ACPI: Reserving APIC table memory at [mem 0xfc00e060-0xfc00e137]
Mar  6 03:54:36 team5revision kernel: [    0.024066] ACPI: Reserving HPET table memory at [mem 0xfc00e1b0-0xfc00e1e7]
Mar  6 03:54:36 team5revision kernel: [    0.024067] ACPI: Reserving WAET table memory at [mem 0xfc00e1f0-0xfc00e217]
Mar  6 03:54:36 team5revision kernel: [    0.024069] ACPI: Reserving SSDT table memory at [mem 0xfc00e220-0xfc00e250]
Mar  6 03:54:36 team5revision kernel: [    0.024070] ACPI: Reserving SSDT table memory at [mem 0xfc00e260-0xfc00e292]
Mar  6 03:54:36 team5revision kernel: [    0.026174] No NUMA configuration found
Mar  6 03:54:36 team5revision kernel: [    0.026181] Faking a node at [mem 0x0000000000000000-0x000000010fffffff]
Mar  6 03:54:36 team5revision kernel: [    0.026193] NODE_DATA(0) allocated [mem 0x10ffd4000-0x10fffdfff]
Mar  6 03:54:36 team5revision kernel: [    0.026480] Zone ranges:
Mar  6 03:54:36 team5revision kernel: [    0.026481]   DMA      [mem 0x0000000000001000-0x0000000000ffffff]
Mar  6 03:54:36 team5revision kernel: [    0.026484]   DMA32    [mem 0x0000000001000000-0x00000000ffffffff]
Mar  6 03:54:36 team5revision kernel: [    0.026486]   Normal   [mem 0x0000000100000000-0x000000010fffffff]
Mar  6 03:54:36 team5revision kernel: [    0.026489]   Device   empty
Mar  6 03:54:36 team5revision kernel: [    0.026490] Movable zone start for each node
Mar  6 03:54:36 team5revision kernel: [    0.026494] Early memory node ranges
Mar  6 03:54:36 team5revision kernel: [    0.026495]   node   0: [mem 0x0000000000001000-0x000000000009dfff]
Mar  6 03:54:36 team5revision kernel: [    0.026497]   node   0: [mem 0x0000000000100000-0x00000000efffffff]
Mar  6 03:54:36 team5revision kernel: [    0.026499]   node   0: [mem 0x0000000100000000-0x000000010fffffff]
Mar  6 03:54:36 team5revision kernel: [    0.026501] Initmem setup node 0 [mem 0x0000000000001000-0x000000010fffffff]
Mar  6 03:54:36 team5revision kernel: [    0.026507] On node 0, zone DMA: 1 pages in unavailable ranges
Mar  6 03:54:36 team5revision kernel: [    0.026547] On node 0, zone DMA: 98 pages in unavailable ranges
Mar  6 03:54:36 team5revision kernel: [    0.039270] ACPI: PM-Timer IO Port: 0xb008
Mar  6 03:54:36 team5revision kernel: [    0.039341] IOAPIC[0]: apic_id 1, version 17, address 0xfec00000, GSI 0-47
Mar  6 03:54:36 team5revision kernel: [    0.039346] ACPI: INT_SRC_OVR (bus 0 bus_irq 0 global_irq 2 dfl dfl)
Mar  6 03:54:36 team5revision kernel: [    0.039349] ACPI: INT_SRC_OVR (bus 0 bus_irq 5 global_irq 5 low level)
Mar  6 03:54:36 team5revision kernel: [    0.039351] ACPI: INT_SRC_OVR (bus 0 bus_irq 10 global_irq 10 low level)
Mar  6 03:54:36 team5revision kernel: [    0.039353] ACPI: INT_SRC_OVR (bus 0 bus_irq 11 global_irq 11 low level)
Mar  6 03:54:36 team5revision kernel: [    0.039358] ACPI: Using ACPI (MADT) for SMP configuration information
Mar  6 03:54:36 team5revision kernel: [    0.039360] ACPI: HPET id: 0x8086a201 base: 0xfed00000
Mar  6 03:54:36 team5revision kernel: [    0.039366] TSC deadline timer available
Mar  6 03:54:36 team5revision kernel: [    0.039373] smpboot: Allowing 15 CPUs, 13 hotplug CPUs
Mar  6 03:54:36 team5revision kernel: [    0.039385] PM: hibernation: Registered nosave memory: [mem 0x00000000-0x00000fff]
Mar  6 03:54:36 team5revision kernel: [    0.039391] PM: hibernation: Registered nosave memory: [mem 0x0009e000-0x0009ffff]
Mar  6 03:54:36 team5revision kernel: [    0.039393] PM: hibernation: Registered nosave memory: [mem 0x000a0000-0x000dffff]
Mar  6 03:54:36 team5revision kernel: [    0.039395] PM: hibernation: Registered nosave memory: [mem 0x000e0000-0x000fffff]
Mar  6 03:54:36 team5revision kernel: [    0.039397] PM: hibernation: Registered nosave memory: [mem 0xf0000000-0xfbffffff]
Mar  6 03:54:36 team5revision kernel: [    0.039399] PM: hibernation: Registered nosave memory: [mem 0xfc000000-0xffffffff]
Mar  6 03:54:36 team5revision kernel: [    0.039403] [mem 0xf0000000-0xfbffffff] available for PCI devices
Mar  6 03:54:36 team5revision kernel: [    0.039405] Booting paravirtualized kernel on Xen HVM
Mar  6 03:54:36 team5revision kernel: [    0.039409] clocksource: refined-jiffies: mask: 0xffffffff max_cycles: 0xffffffff, max_idle_ns: 7645519600211568 ns
Mar  6 03:54:36 team5revision kernel: [    0.039418] setup_percpu: NR_CPUS:8192 nr_cpumask_bits:15 nr_cpu_ids:15 nr_node_ids:1
Mar  6 03:54:36 team5revision kernel: [    0.040421] percpu: Embedded 60 pages/cpu s208896 r8192 d28672 u262144
Mar  6 03:54:36 team5revision kernel: [    0.040428] pcpu-alloc: s208896 r8192 d28672 u262144 alloc=1*2097152
Mar  6 03:54:36 team5revision kernel: [    0.040432] pcpu-alloc: [0] 00 01 02 03 04 05 06 07 [0] 08 09 10 11 12 13 14 -- 
Mar  6 03:54:36 team5revision kernel: [    0.040469] xen: PV spinlocks enabled
Mar  6 03:54:36 team5revision kernel: [    0.040472] PV qspinlock hash table entries: 256 (order: 0, 4096 bytes, linear)
Mar  6 03:54:36 team5revision kernel: [    0.040480] Built 1 zonelists, mobility grouping on.  Total pages: 1031936
Mar  6 03:54:36 team5revision kernel: [    0.040482] Policy zone: Normal
Mar  6 03:54:36 team5revision kernel: [    0.040484] Kernel command line: BOOT_IMAGE=/boot/vmlinuz-5.15.0-1031-aws root=PARTUUID=b6f09fc9-a0ef-4282-a149-e9c131355c9f ro console=tty1 console=ttyS0 nvme_core.io_timeout=4294967295 panic=-1
Mar  6 03:54:36 team5revision kernel: [    0.040562] Unknown kernel command line parameters "BOOT_IMAGE=/boot/vmlinuz-5.15.0-1031-aws", will be passed to user space.
Mar  6 03:54:36 team5revision kernel: [    0.041341] Dentry cache hash table entries: 524288 (order: 10, 4194304 bytes, linear)
Mar  6 03:54:36 team5revision kernel: [    0.041731] Inode-cache hash table entries: 262144 (order: 9, 2097152 bytes, linear)
Mar  6 03:54:36 team5revision kernel: [    0.041902] mem auto-init: stack:off, heap alloc:on, heap free:off
Mar  6 03:54:36 team5revision kernel: [    0.075893] Memory: 3999300K/4193908K available (16393K kernel code, 4382K rwdata, 10852K rodata, 3240K init, 6560K bss, 194348K reserved, 0K cma-reserved)
Mar  6 03:54:36 team5revision kernel: [    0.076270] SLUB: HWalign=64, Order=0-3, MinObjects=0, CPUs=15, Nodes=1
Mar  6 03:54:36 team5revision kernel: [    0.076291] Kernel/User page tables isolation: enabled
Mar  6 03:54:36 team5revision kernel: [    0.076313] ftrace: allocating 50241 entries in 197 pages
Mar  6 03:54:36 team5revision kernel: [    0.103839] ftrace: allocated 197 pages with 4 groups
Mar  6 03:54:36 team5revision kernel: [    0.104094] rcu: Hierarchical RCU implementation.
Mar  6 03:54:36 team5revision kernel: [    0.104097] rcu: 	RCU restricting CPUs from NR_CPUS=8192 to nr_cpu_ids=15.
Mar  6 03:54:36 team5revision kernel: [    0.104099] 	Rude variant of Tasks RCU enabled.
Mar  6 03:54:36 team5revision kernel: [    0.104101] 	Tracing variant of Tasks RCU enabled.
Mar  6 03:54:36 team5revision kernel: [    0.104102] rcu: RCU calculated value of scheduler-enlistment delay is 25 jiffies.
Mar  6 03:54:36 team5revision kernel: [    0.104103] rcu: Adjusting geometry for rcu_fanout_leaf=16, nr_cpu_ids=15
Mar  6 03:54:36 team5revision kernel: [    0.108957] NR_IRQS: 524544, nr_irqs: 952, preallocated irqs: 16
Mar  6 03:54:36 team5revision kernel: [    0.109003] xen:events: Using 2-level ABI
Mar  6 03:54:36 team5revision kernel: [    0.109061] xen:events: Xen HVM callback vector for event delivery is enabled
Mar  6 03:54:36 team5revision kernel: [    0.109221] random: crng init done
Mar  6 03:54:36 team5revision kernel: [    0.139706] Console: colour VGA+ 80x25
Mar  6 03:54:36 team5revision kernel: [    0.359421] printk: console [tty1] enabled
Mar  6 03:54:36 team5revision kernel: [    0.360459] Cannot get hvm parameter CONSOLE_EVTCHN (18): -22!
Mar  6 03:54:36 team5revision kernel: [    1.199313] printk: console [ttyS0] enabled
Mar  6 03:54:36 team5revision kernel: [    1.215411] ACPI: Core revision 20210730
Mar  6 03:54:36 team5revision kernel: [    1.221472] clocksource: hpet: mask: 0xffffffff max_cycles: 0xffffffff, max_idle_ns: 30580167144 ns
Mar  6 03:54:36 team5revision kernel: [    1.232510] APIC: Switch to symmetric I/O mode setup
Mar  6 03:54:36 team5revision kernel: [    1.240454] x2apic: IRQ remapping doesn't support X2APIC mode
Mar  6 03:54:36 team5revision kernel: [    1.248539] Switched APIC routing to physical flat.
Mar  6 03:54:36 team5revision kernel: [    1.259101] ..TIMER: vector=0x30 apic1=0 pin1=2 apic2=0 pin2=0
Mar  6 03:54:36 team5revision kernel: [    1.283630] clocksource: tsc-early: mask: 0xffffffffffffffff max_cycles: 0x21276fe7009, max_idle_ns: 440795318350 ns
Mar  6 03:54:36 team5revision kernel: [    1.306935] Calibrating delay loop (skipped), value calculated using timer frequency.. 4600.12 BogoMIPS (lpj=9200248)
Mar  6 03:54:36 team5revision kernel: [    1.322934] pid_max: default: 32768 minimum: 301
Mar  6 03:54:36 team5revision kernel: [    1.346996] LSM: Security Framework initializing
Mar  6 03:54:36 team5revision kernel: [    1.350962] landlock: Up and running.
Mar  6 03:54:36 team5revision kernel: [    1.358932] Yama: becoming mindful.
Mar  6 03:54:36 team5revision kernel: [    1.370989] AppArmor: AppArmor initialized
Mar  6 03:54:36 team5revision kernel: [    1.383009] Mount-cache hash table entries: 8192 (order: 4, 65536 bytes, linear)
Mar  6 03:54:36 team5revision kernel: [    1.402948] Mountpoint-cache hash table entries: 8192 (order: 4, 65536 bytes, linear)
Mar  6 03:54:36 team5revision kernel: [    1.431025] Last level iTLB entries: 4KB 64, 2MB 8, 4MB 8
Mar  6 03:54:36 team5revision kernel: [    1.438932] Last level dTLB entries: 4KB 64, 2MB 0, 4MB 0, 1GB 4
Mar  6 03:54:36 team5revision kernel: [    1.446938] Spectre V1 : Mitigation: usercopy/swapgs barriers and __user pointer sanitization
Mar  6 03:54:36 team5revision kernel: [    1.462934] Spectre V2 : Mitigation: Retpolines
Mar  6 03:54:36 team5revision kernel: [    1.466936] Spectre V2 : Spectre v2 / SpectreRSB mitigation: Filling RSB on context switch
Mar  6 03:54:36 team5revision kernel: [    1.482933] Spectre V2 : Spectre v2 / SpectreRSB : Filling RSB on VMEXIT
Mar  6 03:54:36 team5revision kernel: [    1.494933] Speculative Store Bypass: Vulnerable
Mar  6 03:54:36 team5revision kernel: [    1.502943] MDS: Vulnerable: Clear CPU buffers attempted, no microcode
Mar  6 03:54:36 team5revision kernel: [    1.510933] MMIO Stale Data: Vulnerable: Clear CPU buffers attempted, no microcode
Mar  6 03:54:36 team5revision kernel: [    1.552355] Freeing SMP alternatives memory: 40K
Mar  6 03:54:36 team5revision kernel: [    1.559066] clocksource: xen: mask: 0xffffffffffffffff max_cycles: 0x1cd42e4dffb, max_idle_ns: 881590591483 ns
Mar  6 03:54:36 team5revision kernel: [    1.570960] Xen: using vcpuop timer interface
Mar  6 03:54:36 team5revision kernel: [    1.570971] installing Xen timer for CPU 0
Mar  6 03:54:36 team5revision kernel: [    1.575027] smpboot: CPU0: Intel(R) Xeon(R) CPU E5-2686 v4 @ 2.30GHz (family: 0x6, model: 0x4f, stepping: 0x1)
Mar  6 03:54:36 team5revision kernel: [    1.578991] cpu 0 spinlock event irq 53
Mar  6 03:54:36 team5revision kernel: [    1.583197] Performance Events: unsupported p6 CPU model 79 no PMU driver, software events only.
Mar  6 03:54:36 team5revision kernel: [    1.587041] rcu: Hierarchical SRCU implementation.
Mar  6 03:54:36 team5revision kernel: [    1.591490] NMI watchdog: Perf NMI watchdog permanently disabled
Mar  6 03:54:36 team5revision kernel: [    1.595259] smp: Bringing up secondary CPUs ...
Mar  6 03:54:36 team5revision kernel: [    1.599135] installing Xen timer for CPU 1
Mar  6 03:54:36 team5revision kernel: [    1.603060] x86: Booting SMP configuration:
Mar  6 03:54:36 team5revision kernel: [    1.606948] .... node  #0, CPUs:        #1
Mar  6 03:54:36 team5revision kernel: [    1.609530] cpu 1 spinlock event irq 59
Mar  6 03:54:36 team5revision kernel: [    1.623008] smp: Brought up 1 node, 2 CPUs
Mar  6 03:54:36 team5revision kernel: [    1.626946] smpboot: Max logical packages: 8
Mar  6 03:54:36 team5revision kernel: [    1.630942] smpboot: Total of 2 processors activated (9200.24 BogoMIPS)
Mar  6 03:54:36 team5revision kernel: [    1.635353] devtmpfs: initialized
Mar  6 03:54:36 team5revision kernel: [    1.639000] x86/mm: Memory block size: 128MB
Mar  6 03:54:36 team5revision kernel: [    1.643453] clocksource: jiffies: mask: 0xffffffff max_cycles: 0xffffffff, max_idle_ns: 7645041785100000 ns
Mar  6 03:54:36 team5revision kernel: [    1.647012] futex hash table entries: 4096 (order: 6, 262144 bytes, linear)
Mar  6 03:54:36 team5revision kernel: [    1.651103] pinctrl core: initialized pinctrl subsystem
Mar  6 03:54:36 team5revision kernel: [    1.655129] PM: RTC time: 02:54:24, date: 2023-03-06
Mar  6 03:54:36 team5revision kernel: [    1.659223] NET: Registered PF_NETLINK/PF_ROUTE protocol family
Mar  6 03:54:36 team5revision kernel: [    1.663237] DMA: preallocated 512 KiB GFP_KERNEL pool for atomic allocations
Mar  6 03:54:36 team5revision kernel: [    1.667081] DMA: preallocated 512 KiB GFP_KERNEL|GFP_DMA pool for atomic allocations
Mar  6 03:54:36 team5revision kernel: [    1.671083] DMA: preallocated 512 KiB GFP_KERNEL|GFP_DMA32 pool for atomic allocations
Mar  6 03:54:36 team5revision kernel: [    1.674963] audit: initializing netlink subsys (disabled)
Mar  6 03:54:36 team5revision kernel: [    1.679037] audit: type=2000 audit(1678071264.233:1): state=initialized audit_enabled=0 res=1
Mar  6 03:54:36 team5revision kernel: [    1.679156] thermal_sys: Registered thermal governor 'fair_share'
Mar  6 03:54:36 team5revision kernel: [    1.682943] thermal_sys: Registered thermal governor 'bang_bang'
Mar  6 03:54:36 team5revision kernel: [    1.686941] thermal_sys: Registered thermal governor 'step_wise'
Mar  6 03:54:36 team5revision kernel: [    1.690940] thermal_sys: Registered thermal governor 'user_space'
Mar  6 03:54:36 team5revision kernel: [    1.694942] thermal_sys: Registered thermal governor 'power_allocator'
Mar  6 03:54:36 team5revision kernel: [    1.698969] EISA bus registered
Mar  6 03:54:36 team5revision kernel: [    1.706960] cpuidle: using governor ladder
Mar  6 03:54:36 team5revision kernel: [    1.710958] cpuidle: using governor menu
Mar  6 03:54:36 team5revision kernel: [    1.715007] ACPI: bus type PCI registered
Mar  6 03:54:36 team5revision kernel: [    1.718940] acpiphp: ACPI Hot Plug PCI Controller Driver version: 0.5
Mar  6 03:54:36 team5revision kernel: [    1.723567] PCI: Using configuration type 1 for base access
Mar  6 03:54:36 team5revision kernel: [    1.728619] Kprobes globally optimized
Mar  6 03:54:36 team5revision kernel: [    1.731027] HugeTLB registered 2.00 MiB page size, pre-allocated 0 pages
Mar  6 03:54:36 team5revision kernel: [    1.735056] ACPI: Added _OSI(Module Device)
Mar  6 03:54:36 team5revision kernel: [    1.738947] ACPI: Added _OSI(Processor Device)
Mar  6 03:54:36 team5revision kernel: [    1.742967] ACPI: Added _OSI(3.0 _SCP Extensions)
Mar  6 03:54:36 team5revision kernel: [    1.746940] ACPI: Added _OSI(Processor Aggregator Device)
Mar  6 03:54:36 team5revision kernel: [    1.750939] ACPI: Added _OSI(Linux-Dell-Video)
Mar  6 03:54:36 team5revision kernel: [    1.754941] ACPI: Added _OSI(Linux-Lenovo-NV-HDMI-Audio)
Mar  6 03:54:36 team5revision kernel: [    1.758941] ACPI: Added _OSI(Linux-HPI-Hybrid-Graphics)
Mar  6 03:54:36 team5revision kernel: [    1.770208] ACPI: 3 ACPI AML tables successfully acquired and loaded
Mar  6 03:54:36 team5revision kernel: [    1.772033] xen: --> pirq=16 -> irq=9 (gsi=9)
Mar  6 03:54:36 team5revision kernel: [    1.773251] ACPI: Interpreter enabled
Mar  6 03:54:36 team5revision kernel: [    1.774972] ACPI: PM: (supports S0 S4 S5)
Mar  6 03:54:36 team5revision kernel: [    1.778944] ACPI: Using IOAPIC for interrupt routing
Mar  6 03:54:36 team5revision kernel: [    1.783008] PCI: Using host bridge windows from ACPI; if necessary, use "pci=nocrs" and report a bug
Mar  6 03:54:36 team5revision kernel: [    1.786940] PCI: Using E820 reservations for host bridge windows
Mar  6 03:54:36 team5revision kernel: [    1.791444] ACPI: Enabled 2 GPEs in block 00 to 0F
Mar  6 03:54:36 team5revision kernel: [    1.872088] ACPI: PCI Root Bridge [PCI0] (domain 0000 [bus 00-ff])
Mar  6 03:54:36 team5revision kernel: [    1.874973] acpi PNP0A03:00: _OSC: OS supports [ASPM ClockPM Segments MSI EDR HPX-Type3]
Mar  6 03:54:36 team5revision kernel: [    1.878983] acpi PNP0A03:00: fail to add MMCONFIG information, can't access extended PCI configuration space under this bridge.
Mar  6 03:54:36 team5revision kernel: [    1.884631] acpiphp: Slot [0] registered
Mar  6 03:54:36 team5revision kernel: [    1.889076] acpiphp: Slot [3] registered
Mar  6 03:54:36 team5revision kernel: [    1.891648] acpiphp: Slot [4] registered
Mar  6 03:54:36 team5revision kernel: [    1.895643] acpiphp: Slot [5] registered
Mar  6 03:54:36 team5revision kernel: [    1.900942] acpiphp: Slot [6] registered
Mar  6 03:54:36 team5revision kernel: [    1.903988] acpiphp: Slot [7] registered
Mar  6 03:54:36 team5revision kernel: [    1.907785] acpiphp: Slot [8] registered
Mar  6 03:54:36 team5revision kernel: [    1.911635] acpiphp: Slot [9] registered
Mar  6 03:54:36 team5revision kernel: [    1.915823] acpiphp: Slot [10] registered
Mar  6 03:54:36 team5revision kernel: [    1.919592] acpiphp: Slot [11] registered
Mar  6 03:54:36 team5revision kernel: [    1.923619] acpiphp: Slot [12] registered
Mar  6 03:54:36 team5revision kernel: [    1.927598] acpiphp: Slot [13] registered
Mar  6 03:54:36 team5revision kernel: [    1.932632] acpiphp: Slot [14] registered
Mar  6 03:54:36 team5revision kernel: [    1.935594] acpiphp: Slot [15] registered
Mar  6 03:54:36 team5revision kernel: [    1.941065] acpiphp: Slot [16] registered
Mar  6 03:54:36 team5revision kernel: [    1.943510] acpiphp: Slot [17] registered
Mar  6 03:54:36 team5revision kernel: [    1.947751] acpiphp: Slot [18] registered
Mar  6 03:54:36 team5revision kernel: [    1.951691] acpiphp: Slot [19] registered
Mar  6 03:54:36 team5revision kernel: [    1.955828] acpiphp: Slot [20] registered
Mar  6 03:54:36 team5revision kernel: [    1.959677] acpiphp: Slot [21] registered
Mar  6 03:54:36 team5revision kernel: [    1.964619] acpiphp: Slot [22] registered
Mar  6 03:54:36 team5revision kernel: [    1.967687] acpiphp: Slot [23] registered
Mar  6 03:54:36 team5revision kernel: [    1.972144] acpiphp: Slot [24] registered
Mar  6 03:54:36 team5revision kernel: [    1.975582] acpiphp: Slot [25] registered
Mar  6 03:54:36 team5revision kernel: [    1.979819] acpiphp: Slot [26] registered
Mar  6 03:54:36 team5revision kernel: [    1.983594] acpiphp: Slot [27] registered
Mar  6 03:54:36 team5revision kernel: [    1.988046] acpiphp: Slot [28] registered
Mar  6 03:54:36 team5revision kernel: [    1.991643] acpiphp: Slot [29] registered
Mar  6 03:54:36 team5revision kernel: [    1.995561] acpiphp: Slot [30] registered
Mar  6 03:54:36 team5revision kernel: [    1.999667] acpiphp: Slot [31] registered
Mar  6 03:54:36 team5revision kernel: [    2.003607] PCI host bridge to bus 0000:00
Mar  6 03:54:36 team5revision kernel: [    2.006947] pci_bus 0000:00: root bus resource [bus 00-ff]
Mar  6 03:54:36 team5revision kernel: [    2.010940] pci_bus 0000:00: root bus resource [io  0x0000-0x0cf7 window]
Mar  6 03:54:36 team5revision kernel: [    2.014942] pci_bus 0000:00: root bus resource [io  0x0d00-0xffff window]
Mar  6 03:54:36 team5revision kernel: [    2.018941] pci_bus 0000:00: root bus resource [mem 0x000a0000-0x000bffff window]
Mar  6 03:54:36 team5revision kernel: [    2.022946] pci_bus 0000:00: root bus resource [mem 0xf0000000-0xfbffffff window]
Mar  6 03:54:36 team5revision kernel: [    2.028307] pci 0000:00:00.0: [8086:1237] type 00 class 0x060000
Mar  6 03:54:36 team5revision kernel: [    2.037079] pci 0000:00:01.0: [8086:7000] type 00 class 0x060100
Mar  6 03:54:36 team5revision kernel: [    2.045114] pci 0000:00:01.1: [8086:7010] type 00 class 0x010180
Mar  6 03:54:36 team5revision kernel: [    2.049541] pci 0000:00:01.1: reg 0x20: [io  0xc100-0xc10f]
Mar  6 03:54:36 team5revision kernel: [    2.053031] pci 0000:00:01.1: legacy IDE quirk: reg 0x10: [io  0x01f0-0x01f7]
Mar  6 03:54:36 team5revision kernel: [    2.054943] pci 0000:00:01.1: legacy IDE quirk: reg 0x14: [io  0x03f6]
Mar  6 03:54:36 team5revision kernel: [    2.058943] pci 0000:00:01.1: legacy IDE quirk: reg 0x18: [io  0x0170-0x0177]
Mar  6 03:54:36 team5revision kernel: [    2.062944] pci 0000:00:01.1: legacy IDE quirk: reg 0x1c: [io  0x0376]
Mar  6 03:54:36 team5revision kernel: [    2.069091] * Found PM-Timer Bug on the chipset. Due to workarounds for a bug,
Mar  6 03:54:36 team5revision kernel: [    2.069091] * this clock source is slow. Consider trying other clock sources
Mar  6 03:54:36 team5revision kernel: [    2.070945] pci 0000:00:01.3: [8086:7113] type 00 class 0x068000
Mar  6 03:54:36 team5revision kernel: [    2.078904] pci 0000:00:01.3: quirk: [io  0xb000-0xb03f] claimed by PIIX4 ACPI
Mar  6 03:54:36 team5revision kernel: [    2.084697] pci 0000:00:02.0: [1013:00b8] type 00 class 0x030000
Mar  6 03:54:36 team5revision kernel: [    2.087705] pci 0000:00:02.0: reg 0x10: [mem 0xf0000000-0xf1ffffff pref]
Mar  6 03:54:36 team5revision kernel: [    2.091378] pci 0000:00:02.0: reg 0x14: [mem 0xf3000000-0xf3000fff]
Mar  6 03:54:36 team5revision kernel: [    2.098334] pci 0000:00:02.0: Video device with shadowed ROM at [mem 0x000c0000-0x000dffff]
Mar  6 03:54:36 team5revision kernel: [    2.101579] pci 0000:00:03.0: [5853:0001] type 00 class 0xff8000
Mar  6 03:54:36 team5revision kernel: [    2.104908] pci 0000:00:03.0: reg 0x10: [io  0xc000-0xc0ff]
Mar  6 03:54:36 team5revision kernel: [    2.107644] pci 0000:00:03.0: reg 0x14: [mem 0xf2000000-0xf2ffffff pref]
Mar  6 03:54:36 team5revision kernel: [    2.122059] ACPI: PCI: Interrupt link LNKA configured for IRQ 5
Mar  6 03:54:36 team5revision kernel: [    2.123573] ACPI: PCI: Interrupt link LNKB configured for IRQ 10
Mar  6 03:54:36 team5revision kernel: [    2.127539] ACPI: PCI: Interrupt link LNKC configured for IRQ 11
Mar  6 03:54:36 team5revision kernel: [    2.135318] ACPI: PCI: Interrupt link LNKD configured for IRQ 5
Mar  6 03:54:36 team5revision kernel: [    2.182411] xen:balloon: Initialising balloon driver
Mar  6 03:54:36 team5revision kernel: [    2.183013] iommu: Default domain type: Translated 
Mar  6 03:54:36 team5revision kernel: [    2.186938] iommu: DMA domain TLB invalidation policy: lazy mode 
Mar  6 03:54:36 team5revision kernel: [    2.191191] SCSI subsystem initialized
Mar  6 03:54:36 team5revision kernel: [    2.194983] libata version 3.00 loaded.
Mar  6 03:54:36 team5revision kernel: [    2.195017] pci 0000:00:02.0: vgaarb: setting as boot VGA device
Mar  6 03:54:36 team5revision kernel: [    2.198929] pci 0000:00:02.0: vgaarb: VGA device added: decodes=io+mem,owns=io+mem,locks=none
Mar  6 03:54:36 team5revision kernel: [    2.210944] pci 0000:00:02.0: vgaarb: bridge control possible
Mar  6 03:54:36 team5revision kernel: [    2.218942] vgaarb: loaded
Mar  6 03:54:36 team5revision kernel: [    2.223002] ACPI: bus type USB registered
Mar  6 03:54:36 team5revision kernel: [    2.226975] usbcore: registered new interface driver usbfs
Mar  6 03:54:36 team5revision kernel: [    2.238973] usbcore: registered new interface driver hub
Mar  6 03:54:36 team5revision kernel: [    2.250973] usbcore: registered new device driver usb
Mar  6 03:54:36 team5revision kernel: [    2.259000] pps_core: LinuxPPS API ver. 1 registered
Mar  6 03:54:36 team5revision kernel: [    2.270940] pps_core: Software ver. 5.3.6 - Copyright 2005-2007 Rodolfo Giometti <giometti@linux.it>
Mar  6 03:54:36 team5revision kernel: [    2.278959] PTP clock support registered
Mar  6 03:54:36 team5revision kernel: [    2.286993] EDAC MC: Ver: 3.0.0
Mar  6 03:54:36 team5revision kernel: [    2.292726] NetLabel: Initializing
Mar  6 03:54:36 team5revision kernel: [    2.294942] NetLabel:  domain hash size = 128
Mar  6 03:54:36 team5revision kernel: [    2.298941] NetLabel:  protocols = UNLABELED CIPSOv4 CALIPSO
Mar  6 03:54:36 team5revision kernel: [    2.302968] NetLabel:  unlabeled traffic allowed by default
Mar  6 03:54:36 team5revision kernel: [    2.306997] PCI: Using ACPI for IRQ routing
Mar  6 03:54:36 team5revision kernel: [    2.310939] PCI: pci_cache_line_size set to 64 bytes
Mar  6 03:54:36 team5revision kernel: [    2.311879] e820: reserve RAM buffer [mem 0x0009e000-0x0009ffff]
Mar  6 03:54:36 team5revision kernel: [    2.312228] hpet: 3 channels of 0 reserved for per-cpu timers
Mar  6 03:54:36 team5revision kernel: [    2.326957] hpet0: at MMIO 0xfed00000, IRQs 2, 8, 0
Mar  6 03:54:36 team5revision kernel: [    2.330937] hpet0: 3 comparators, 64-bit 62.500000 MHz counter
Mar  6 03:54:36 team5revision kernel: [    2.342937] clocksource: Switched to clocksource xen
Mar  6 03:54:36 team5revision kernel: [    2.365376] VFS: Disk quotas dquot_6.6.0
Mar  6 03:54:36 team5revision kernel: [    2.370354] VFS: Dquot-cache hash table entries: 512 (order 0, 4096 bytes)
Mar  6 03:54:36 team5revision kernel: [    2.379663] AppArmor: AppArmor Filesystem Enabled
Mar  6 03:54:36 team5revision kernel: [    2.384982] pnp: PnP ACPI init
Mar  6 03:54:36 team5revision kernel: [    2.389922] system 00:00: [mem 0x00000000-0x0009ffff] could not be reserved
Mar  6 03:54:36 team5revision kernel: [    2.399411] system 00:01: [io  0x08a0-0x08a3] has been reserved
Mar  6 03:54:36 team5revision kernel: [    2.406246] system 00:01: [io  0x0cc0-0x0ccf] has been reserved
Mar  6 03:54:36 team5revision kernel: [    2.417725] system 00:01: [io  0x04d0-0x04d1] has been reserved
Mar  6 03:54:36 team5revision kernel: [    2.432623] xen: --> pirq=17 -> irq=8 (gsi=8)
Mar  6 03:54:36 team5revision kernel: [    2.432699] xen: --> pirq=18 -> irq=12 (gsi=12)
Mar  6 03:54:36 team5revision kernel: [    2.432736] xen: --> pirq=19 -> irq=1 (gsi=1)
Mar  6 03:54:36 team5revision kernel: [    2.432774] xen: --> pirq=20 -> irq=6 (gsi=6)
Mar  6 03:54:36 team5revision kernel: [    2.432777] pnp 00:05: [dma 2]
Mar  6 03:54:36 team5revision kernel: [    2.432827] xen: --> pirq=21 -> irq=4 (gsi=4)
Mar  6 03:54:36 team5revision kernel: [    2.432901] system 00:07: [io  0x10c0-0x1141] has been reserved
Mar  6 03:54:36 team5revision kernel: [    2.443269] system 00:07: [io  0xb044-0xb047] has been reserved
Mar  6 03:54:36 team5revision kernel: [    2.511805] pnp: PnP ACPI: found 8 devices
Mar  6 03:54:36 team5revision kernel: [    2.526451] clocksource: acpi_pm: mask: 0xffffff max_cycles: 0xffffff, max_idle_ns: 2085701024 ns
Mar  6 03:54:36 team5revision kernel: [    2.535165] NET: Registered PF_INET protocol family
Mar  6 03:54:36 team5revision kernel: [    2.540448] IP idents hash table entries: 65536 (order: 7, 524288 bytes, linear)
Mar  6 03:54:36 team5revision kernel: [    2.552077] tcp_listen_portaddr_hash hash table entries: 2048 (order: 3, 32768 bytes, linear)
Mar  6 03:54:36 team5revision kernel: [    2.582337] Table-perturb hash table entries: 65536 (order: 6, 262144 bytes, linear)
Mar  6 03:54:36 team5revision kernel: [    2.591567] TCP established hash table entries: 32768 (order: 6, 262144 bytes, linear)
Mar  6 03:54:36 team5revision kernel: [    2.600456] TCP bind hash table entries: 32768 (order: 7, 524288 bytes, linear)
Mar  6 03:54:36 team5revision kernel: [    2.608372] TCP: Hash tables configured (established 32768 bind 32768)
Mar  6 03:54:36 team5revision kernel: [    2.614147] MPTCP token hash table entries: 4096 (order: 4, 98304 bytes, linear)
Mar  6 03:54:36 team5revision kernel: [    2.622493] UDP hash table entries: 2048 (order: 4, 65536 bytes, linear)
Mar  6 03:54:36 team5revision kernel: [    2.638742] UDP-Lite hash table entries: 2048 (order: 4, 65536 bytes, linear)
Mar  6 03:54:36 team5revision kernel: [    2.645258] NET: Registered PF_UNIX/PF_LOCAL protocol family
Mar  6 03:54:36 team5revision kernel: [    2.661413] NET: Registered PF_XDP protocol family
Mar  6 03:54:36 team5revision kernel: [    2.672052] pci_bus 0000:00: resource 4 [io  0x0000-0x0cf7 window]
Mar  6 03:54:36 team5revision kernel: [    2.682375] pci_bus 0000:00: resource 5 [io  0x0d00-0xffff window]
Mar  6 03:54:36 team5revision kernel: [    2.688592] pci_bus 0000:00: resource 6 [mem 0x000a0000-0x000bffff window]
Mar  6 03:54:36 team5revision kernel: [    2.696190] pci_bus 0000:00: resource 7 [mem 0xf0000000-0xfbffffff window]
Mar  6 03:54:36 team5revision kernel: [    2.706282] pci 0000:00:01.0: PIIX3: Enabling Passive Release
Mar  6 03:54:36 team5revision kernel: [    2.711996] pci 0000:00:00.0: Limiting direct PCI/PCI transfers
Mar  6 03:54:36 team5revision kernel: [    2.718211] pci 0000:00:01.0: Activating ISA DMA hang workarounds
Mar  6 03:54:36 team5revision kernel: [    2.729172] pci 0000:00:01.0: quirk_isa_dma_hangs+0x0/0x20 took 10703 usecs
Mar  6 03:54:36 team5revision kernel: [    2.736170] PCI: CLS 0 bytes, default 64
Mar  6 03:54:36 team5revision kernel: [    2.740667] PCI-DMA: Using software bounce buffering for IO (SWIOTLB)
Mar  6 03:54:36 team5revision kernel: [    2.740742] Trying to unpack rootfs image as initramfs...
Mar  6 03:54:36 team5revision kernel: [    2.747352] software IO TLB: mapped [mem 0x00000000ec000000-0x00000000f0000000] (64MB)
Mar  6 03:54:36 team5revision kernel: [    2.747415] clocksource: tsc: mask: 0xffffffffffffffff max_cycles: 0x21276fe7009, max_idle_ns: 440795318350 ns
Mar  6 03:54:36 team5revision kernel: [    2.772834] Freeing initrd memory: 6776K
Mar  6 03:54:36 team5revision kernel: [    2.798287] Initialise system trusted keyrings
Mar  6 03:54:36 team5revision kernel: [    2.804427] Key type blacklist registered
Mar  6 03:54:36 team5revision kernel: [    2.808885] workingset: timestamp_bits=36 max_order=20 bucket_order=0
Mar  6 03:54:36 team5revision kernel: [    2.816429] zbud: loaded
Mar  6 03:54:36 team5revision kernel: [    2.821439] squashfs: version 4.0 (2009/01/31) Phillip Lougher
Mar  6 03:54:36 team5revision kernel: [    2.839928] fuse: init (API version 7.34)
Mar  6 03:54:36 team5revision kernel: [    2.845044] integrity: Platform Keyring initialized
Mar  6 03:54:36 team5revision kernel: [    2.861016] Key type asymmetric registered
Mar  6 03:54:36 team5revision kernel: [    2.869540] Asymmetric key parser 'x509' registered
Mar  6 03:54:36 team5revision kernel: [    2.885884] Block layer SCSI generic (bsg) driver version 0.4 loaded (major 243)
Mar  6 03:54:36 team5revision kernel: [    2.892964] io scheduler mq-deadline registered
Mar  6 03:54:36 team5revision kernel: [    2.904368] shpchp: Standard Hot Plug PCI Controller Driver version: 0.4
Mar  6 03:54:36 team5revision kernel: [    2.916574] input: Power Button as /devices/LNXSYSTM:00/LNXPWRBN:00/input/input0
Mar  6 03:54:36 team5revision kernel: [    2.926746] ACPI: button: Power Button [PWRF]
Mar  6 03:54:36 team5revision kernel: [    2.932536] input: Sleep Button as /devices/LNXSYSTM:00/LNXSLPBN:00/input/input1
Mar  6 03:54:36 team5revision kernel: [    2.950656] ACPI: button: Sleep Button [SLPF]
Mar  6 03:54:36 team5revision kernel: [    3.001503] xen: --> pirq=22 -> irq=28 (gsi=28)
Mar  6 03:54:36 team5revision kernel: [    3.001688] xen:grant_table: Grant tables using version 1 layout
Mar  6 03:54:36 team5revision kernel: [    3.007301] Grant table initialized
Mar  6 03:54:36 team5revision kernel: [    3.010843] Cannot get hvm parameter CONSOLE_EVTCHN (18): -22!
Mar  6 03:54:36 team5revision kernel: [    3.015774] Serial: 8250/16550 driver, 4 ports, IRQ sharing enabled
Mar  6 03:54:36 team5revision kernel: [    3.068142] 00:06: ttyS0 at I/O 0x3f8 (irq = 4, base_baud = 115200) is a 16550A
Mar  6 03:54:36 team5revision kernel: [    3.144703] Linux agpgart interface v0.103
Mar  6 03:54:36 team5revision kernel: [    3.156271] loop: module loaded
Mar  6 03:54:36 team5revision kernel: [    3.161125] Invalid max_queues (4), will use default max: 2.
Mar  6 03:54:36 team5revision kernel: [    3.236933] ata_piix 0000:00:01.1: version 2.13
Mar  6 03:54:36 team5revision kernel: [    3.238275] scsi host0: ata_piix
Mar  6 03:54:36 team5revision kernel: [    3.242378] scsi host1: ata_piix
Mar  6 03:54:36 team5revision kernel: [    3.246060] ata1: PATA max MWDMA2 cmd 0x1f0 ctl 0x3f6 bmdma 0xc100 irq 14
Mar  6 03:54:36 team5revision kernel: [    3.254258] ata2: PATA max MWDMA2 cmd 0x170 ctl 0x376 bmdma 0xc108 irq 15
Mar  6 03:54:36 team5revision kernel: [    3.264889] tun: Universal TUN/TAP device driver, 1.6
Mar  6 03:54:36 team5revision kernel: [    3.275669] PPP generic driver version 2.4.2
Mar  6 03:54:36 team5revision kernel: [    3.283553] xen_netfront: Initialising Xen virtual ethernet driver
Mar  6 03:54:36 team5revision kernel: [    3.298788] VFIO - User Level meta-driver version: 0.3
Mar  6 03:54:36 team5revision kernel: [    3.306483] ehci_hcd: USB 2.0 'Enhanced' Host Controller (EHCI) Driver
Mar  6 03:54:36 team5revision kernel: [    3.320988] ehci-pci: EHCI PCI platform driver
Mar  6 03:54:36 team5revision kernel: [    3.330707] ehci-platform: EHCI generic platform driver
Mar  6 03:54:36 team5revision kernel: [    3.340635] ohci_hcd: USB 1.1 'Open' Host Controller (OHCI) Driver
Mar  6 03:54:36 team5revision kernel: [    3.350078] ohci-pci: OHCI PCI platform driver
Mar  6 03:54:36 team5revision kernel: [    3.356067] ohci-platform: OHCI generic platform driver
Mar  6 03:54:36 team5revision kernel: [    3.365780] uhci_hcd: USB Universal Host Controller Interface driver
Mar  6 03:54:36 team5revision kernel: [    3.375594] i8042: PNP: PS/2 Controller [PNP0303:PS2K,PNP0f13:PS2M] at 0x60,0x64 irq 1,12
Mar  6 03:54:36 team5revision kernel: [    3.408031] serio: i8042 KBD port at 0x60,0x64 irq 1
Mar  6 03:54:36 team5revision kernel: [    3.419528] serio: i8042 AUX port at 0x60,0x64 irq 12
Mar  6 03:54:36 team5revision kernel: [    3.431580] mousedev: PS/2 mouse device common for all mice
Mar  6 03:54:36 team5revision kernel: [    3.443352] rtc_cmos 00:02: registered as rtc0
Mar  6 03:54:36 team5revision kernel: [    3.443490] input: AT Translated Set 2 keyboard as /devices/platform/i8042/serio0/input/input2
Mar  6 03:54:36 team5revision kernel: [    3.450862] rtc_cmos 00:02: setting system clock to 2023-03-06T02:54:26 UTC (1678071266)
Mar  6 03:54:36 team5revision kernel: [    3.485675] rtc_cmos 00:02: alarms up to one day, 114 bytes nvram, hpet irqs
Mar  6 03:54:36 team5revision kernel: [    3.497658] i2c_dev: i2c /dev entries driver
Mar  6 03:54:36 team5revision kernel: [    3.506050] device-mapper: core: CONFIG_IMA_DISABLE_HTABLE is disabled. Duplicate IMA measurements will not be recorded in the IMA log.
Mar  6 03:54:36 team5revision kernel: [    3.542114] device-mapper: uevent: version 1.0.3
Mar  6 03:54:36 team5revision kernel: [    3.555263] device-mapper: ioctl: 4.45.0-ioctl (2021-03-22) initialised: dm-devel@redhat.com
Mar  6 03:54:36 team5revision kernel: [    3.583716] platform eisa.0: Probing EISA bus 0
Mar  6 03:54:36 team5revision kernel: [    3.588700] platform eisa.0: EISA: Cannot allocate resource for mainboard
Mar  6 03:54:36 team5revision kernel: [    3.597129] platform eisa.0: Cannot allocate resource for EISA slot 1
Mar  6 03:54:36 team5revision kernel: [    3.608357] platform eisa.0: Cannot allocate resource for EISA slot 2
Mar  6 03:54:36 team5revision kernel: [    3.620808] platform eisa.0: Cannot allocate resource for EISA slot 3
Mar  6 03:54:36 team5revision kernel: [    3.628724] platform eisa.0: Cannot allocate resource for EISA slot 4
Mar  6 03:54:36 team5revision kernel: [    3.639406] platform eisa.0: Cannot allocate resource for EISA slot 5
Mar  6 03:54:36 team5revision kernel: [    3.647358] platform eisa.0: Cannot allocate resource for EISA slot 6
Mar  6 03:54:36 team5revision kernel: [    3.655451] platform eisa.0: Cannot allocate resource for EISA slot 7
Mar  6 03:54:36 team5revision kernel: [    3.663875] platform eisa.0: Cannot allocate resource for EISA slot 8
Mar  6 03:54:36 team5revision kernel: [    3.671012] platform eisa.0: EISA: Detected 0 cards
Mar  6 03:54:36 team5revision kernel: [    3.677150] intel_pstate: CPU model not supported
Mar  6 03:54:36 team5revision kernel: [    3.683273] ledtrig-cpu: registered to indicate activity on CPUs
Mar  6 03:54:36 team5revision kernel: [    3.690228] drop_monitor: Initializing network drop monitor service
Mar  6 03:54:36 team5revision kernel: [    3.698040] NET: Registered PF_INET6 protocol family
Mar  6 03:54:36 team5revision kernel: [    3.705989] Segment Routing with IPv6
Mar  6 03:54:36 team5revision kernel: [    3.711102] In-situ OAM (IOAM) with IPv6
Mar  6 03:54:36 team5revision kernel: [    3.716707] NET: Registered PF_PACKET protocol family
Mar  6 03:54:36 team5revision kernel: [    3.725622] Key type dns_resolver registered
Mar  6 03:54:36 team5revision kernel: [    3.747655] No MBM correction factor available
Mar  6 03:54:36 team5revision kernel: [    3.759903] IPI shorthand broadcast: enabled
Mar  6 03:54:36 team5revision kernel: [    3.766191] sched_clock: Marking stable (2644432698, 1121717255)->(4502687464, -736537511)
Mar  6 03:54:36 team5revision kernel: [    3.778457] registered taskstats version 1
Mar  6 03:54:36 team5revision kernel: [    3.783907] Loading compiled-in X.509 certificates
Mar  6 03:54:36 team5revision kernel: [    3.791811] Loaded X.509 cert 'Build time autogenerated kernel key: 9661695d80a98f99cb2df8c24334d09c0c25f561'
Mar  6 03:54:36 team5revision kernel: [    3.815655] Loaded X.509 cert 'Canonical Ltd. Live Patch Signing: 14df34d1a87cf37625abec039ef2bf521249b969'
Mar  6 03:54:36 team5revision kernel: [    3.829254] Loaded X.509 cert 'Canonical Ltd. Kernel Module Signing: 88f752e560a1e0737e31163a466ad7b70a850c19'
Mar  6 03:54:36 team5revision kernel: [    3.840662] blacklist: Loading compiled-in revocation X.509 certificates
Mar  6 03:54:36 team5revision kernel: [    3.850949] Loaded X.509 cert 'Canonical Ltd. Secure Boot Signing: 61482aa2830d0ab2ad5af10b7250da9033ddcef0'
Mar  6 03:54:36 team5revision kernel: [    3.865701] Loaded X.509 cert 'Canonical Ltd. Secure Boot Signing (2017): 242ade75ac4a15e50d50c84b0d45ff3eae707a03'
Mar  6 03:54:36 team5revision kernel: [    3.879497] Loaded X.509 cert 'Canonical Ltd. Secure Boot Signing (ESM 2018): 365188c1d374d6b07c3c8f240f8ef722433d6a8b'
